Component: Arm Compiler for Embedded 6.18 Tool: armlink [5e4cc300]

==============================================================================

Section Cross References

    startup_SSE300MPS3.o(.ARM.exidx.text.NMI_Handler) refers to startup_SSE300MPS3.o(.text.NMI_Handler) for [Anonymous Symbol]
    startup_SSE300MPS3.o(.ARM.exidx.text.HardFault_Handler) refers to startup_SSE300MPS3.o(.text.HardFault_Handler) for [Anonymous Symbol]
    startup_SSE300MPS3.o(.ARM.exidx.text.MemManage_Handler) refers to startup_SSE300MPS3.o(.text.MemManage_Handler) for [Anonymous Symbol]
    startup_SSE300MPS3.o(.ARM.exidx.text.BusFault_Handler) refers to startup_SSE300MPS3.o(.text.BusFault_Handler) for [Anonymous Symbol]
    startup_SSE300MPS3.o(.ARM.exidx.text.UsageFault_Handler) refers to startup_SSE300MPS3.o(.text.UsageFault_Handler) for [Anonymous Symbol]
    startup_SSE300MPS3.o(.ARM.exidx.text.SecureFault_Handler) refers to startup_SSE300MPS3.o(.text.SecureFault_Handler) for [Anonymous Symbol]
    startup_SSE300MPS3.o(.ARM.exidx.text.SVC_Handler) refers to startup_SSE300MPS3.o(.text.SVC_Handler) for [Anonymous Symbol]
    startup_SSE300MPS3.o(.ARM.exidx.text.DebugMon_Handler) refers to startup_SSE300MPS3.o(.text.DebugMon_Handler) for [Anonymous Symbol]
    startup_SSE300MPS3.o(.ARM.exidx.text.PendSV_Handler) refers to startup_SSE300MPS3.o(.text.PendSV_Handler) for [Anonymous Symbol]
    startup_SSE300MPS3.o(.ARM.exidx.text.SysTick_Handler) refers to startup_SSE300MPS3.o(.text.SysTick_Handler) for [Anonymous Symbol]
    startup_SSE300MPS3.o(.ARM.exidx.text.NONSEC_WATCHDOG_RESET_REQ_Handler) refers to startup_SSE300MPS3.o(.text.NONSEC_WATCHDOG_RESET_REQ_Handler) for [Anonymous Symbol]
    startup_SSE300MPS3.o(.ARM.exidx.text.NONSEC_WATCHDOG_Handler) refers to startup_SSE300MPS3.o(.text.NONSEC_WATCHDOG_Handler) for [Anonymous Symbol]
    startup_SSE300MPS3.o(.ARM.exidx.text.SLOWCLK_Timer_Handler) refers to startup_SSE300MPS3.o(.text.SLOWCLK_Timer_Handler) for [Anonymous Symbol]
    startup_SSE300MPS3.o(.ARM.exidx.text.TFM_TIMER0_IRQ_Handler) refers to startup_SSE300MPS3.o(.text.TFM_TIMER0_IRQ_Handler) for [Anonymous Symbol]
    startup_SSE300MPS3.o(.ARM.exidx.text.TIMER1_Handler) refers to startup_SSE300MPS3.o(.text.TIMER1_Handler) for [Anonymous Symbol]
    startup_SSE300MPS3.o(.ARM.exidx.text.TIMER2_Handler) refers to startup_SSE300MPS3.o(.text.TIMER2_Handler) for [Anonymous Symbol]
    startup_SSE300MPS3.o(.ARM.exidx.text.MPC_Handler) refers to startup_SSE300MPS3.o(.text.MPC_Handler) for [Anonymous Symbol]
    startup_SSE300MPS3.o(.ARM.exidx.text.PPC_Handler) refers to startup_SSE300MPS3.o(.text.PPC_Handler) for [Anonymous Symbol]
    startup_SSE300MPS3.o(.ARM.exidx.text.MSC_Handler) refers to startup_SSE300MPS3.o(.text.MSC_Handler) for [Anonymous Symbol]
    startup_SSE300MPS3.o(.ARM.exidx.text.BRIDGE_ERROR_Handler) refers to startup_SSE300MPS3.o(.text.BRIDGE_ERROR_Handler) for [Anonymous Symbol]
    startup_SSE300MPS3.o(.ARM.exidx.text.MGMT_PPU_Handler) refers to startup_SSE300MPS3.o(.text.MGMT_PPU_Handler) for [Anonymous Symbol]
    startup_SSE300MPS3.o(.ARM.exidx.text.SYS_PPU_Handler) refers to startup_SSE300MPS3.o(.text.SYS_PPU_Handler) for [Anonymous Symbol]
    startup_SSE300MPS3.o(.ARM.exidx.text.CPU0_PPU_Handler) refers to startup_SSE300MPS3.o(.text.CPU0_PPU_Handler) for [Anonymous Symbol]
    startup_SSE300MPS3.o(.ARM.exidx.text.DEBUG_PPU_Handler) refers to startup_SSE300MPS3.o(.text.DEBUG_PPU_Handler) for [Anonymous Symbol]
    startup_SSE300MPS3.o(.ARM.exidx.text.TIMER3_AON_Handler) refers to startup_SSE300MPS3.o(.text.TIMER3_AON_Handler) for [Anonymous Symbol]
    startup_SSE300MPS3.o(.ARM.exidx.text.CPU0_CTI_0_Handler) refers to startup_SSE300MPS3.o(.text.CPU0_CTI_0_Handler) for [Anonymous Symbol]
    startup_SSE300MPS3.o(.ARM.exidx.text.CPU0_CTI_1_Handler) refers to startup_SSE300MPS3.o(.text.CPU0_CTI_1_Handler) for [Anonymous Symbol]
    startup_SSE300MPS3.o(.ARM.exidx.text.System_Timestamp_Counter_Handler) refers to startup_SSE300MPS3.o(.text.System_Timestamp_Counter_Handler) for [Anonymous Symbol]
    startup_SSE300MPS3.o(.ARM.exidx.text.UARTRX0_Handler) refers to startup_SSE300MPS3.o(.text.UARTRX0_Handler) for [Anonymous Symbol]
    startup_SSE300MPS3.o(.ARM.exidx.text.UARTTX0_Handler) refers to startup_SSE300MPS3.o(.text.UARTTX0_Handler) for [Anonymous Symbol]
    startup_SSE300MPS3.o(.ARM.exidx.text.UARTRX1_Handler) refers to startup_SSE300MPS3.o(.text.UARTRX1_Handler) for [Anonymous Symbol]
    startup_SSE300MPS3.o(.ARM.exidx.text.UARTTX1_Handler) refers to startup_SSE300MPS3.o(.text.UARTTX1_Handler) for [Anonymous Symbol]
    startup_SSE300MPS3.o(.ARM.exidx.text.UARTRX2_Handler) refers to startup_SSE300MPS3.o(.text.UARTRX2_Handler) for [Anonymous Symbol]
    startup_SSE300MPS3.o(.ARM.exidx.text.UARTTX2_Handler) refers to startup_SSE300MPS3.o(.text.UARTTX2_Handler) for [Anonymous Symbol]
[...]
    __rt_entry_main                          0x00000399   Thumb Code     0  __rtentry2.o(.ARM.Collect$$rtentry$$0000000D)
    __rt_entry_postli_1                      0x00000399   Thumb Code     0  __rtentry2.o(.ARM.Collect$$rtentry$$0000000C)
    __rt_exit                                0x000003a5   Thumb Code     0  rtexit.o(.ARM.Collect$$rtexit$$00000000)
    __rt_exit_ls                             0x000003a7   Thumb Code     0  rtexit2.o(.ARM.Collect$$rtexit$$00000003)
    __rt_exit_prels_1                        0x000003a7   Thumb Code     0  rtexit2.o(.ARM.Collect$$rtexit$$00000002)
    __rt_exit_exit                           0x000003ab   Thumb Code     0  rtexit2.o(.ARM.Collect$$rtexit$$00000004)
    printf                                   0x000003b1   Thumb Code    20  printf.o(.text)
    exit                                     0x000003c9   Thumb Code    18  exit.o(.text)
    __aeabi_memclr4                          0x000003db   Thumb Code     0  rt_memclr_w.o(.text)
    __aeabi_memclr8                          0x000003db   Thumb Code     0  rt_memclr_w.o(.text)
    __rt_memclr_w                            0x000003db   Thumb Code     0  rt_memclr_w.o(.text)
    _memset_w                                0x000003df   Thumb Code    74  rt_memclr_w.o(.text)
    strcmp                                   0x00000429   Thumb Code   124  strcmpv8m_maindsp.o(.text)
    __read_errno                             0x000004a5   Thumb Code    10  _rserrno.o(.text)
    __set_errno                              0x000004af   Thumb Code    12  _rserrno.o(.text)
    _printf_pre_padding                      0x000004bb   Thumb Code    44  _printf_pad.o(.text)
    _printf_post_padding                     0x000004e7   Thumb Code    34  _printf_pad.o(.text)
    _printf_truncate_signed                  0x00000509   Thumb Code    18  _printf_truncate.o(.text)
    _printf_truncate_unsigned                0x0000051b   Thumb Code    18  _printf_truncate.o(.text)
    _printf_str                              0x0000052d   Thumb Code    82  _printf_str.o(.text)
    _printf_int_dec                          0x00000581   Thumb Code   104  _printf_dec.o(.text)
    _printf_charcount                        0x000005f9   Thumb Code    40  _printf_charcount.o(.text)
    _printf_char_file                        0x00000621   Thumb Code    32  _printf_char_file.o(.text)
    _printf_wctomb                           0x00000645   Thumb Code   182  _printf_wctomb.o(.text)
    _printf_longlong_dec                     0x00000701   Thumb Code   108  _printf_longlong_dec.o(.text)
    _printf_longlong_oct                     0x0000077d   Thumb Code    68  _printf_oct_int_ll.o(.text)
    _printf_int_oct                          0x000007c1   Thumb Code    24  _printf_oct_int_ll.o(.text)
    _printf_ll_oct                           0x000007d9   Thumb Code    12  _printf_oct_int_ll.o(.text)
    _printf_longlong_hex                     0x000007ed   Thumb Code    86  _printf_hex_int_ll_ptr.o(.text)
    _printf_int_hex                          0x00000843   Thumb Code    28  _printf_hex_int_ll_ptr.o(.text)
    _printf_ll_hex                           0x0000085f   Thumb Code    12  _printf_hex_int_ll_ptr.o(.text)
    _printf_hex_ptr                          0x0000086b   Thumb Code    18  _printf_hex_int_ll_ptr.o(.text)
    __printf                                 0x00000881   Thumb Code   388  __printf_flags_ss_wp.o(.text)
    _initio                                  0x00000a09   Thumb Code   210  initio.o(.text)
    _terminateio                             0x00000adb   Thumb Code    56  initio.o(.text)
    _ttywrch                                 0x00000b41   Thumb Code    14  sys_wrch.o(.text)
    _sys_exit                                0x00000b51   Thumb Code     8  sys_exit.o(.text)
    __aeabi_errno_addr                       0x00000b5d   Thumb Code     8  rt_errno_addr_intlibspace.o(.text)
    __errno$intlibspace                      0x00000b5d   Thumb Code     0  rt_errno_addr_intlibspace.o(.text)
    __rt_errno_addr$intlibspace              0x00000b5d   Thumb Code     0  rt_errno_addr_intlibspace.o(.text)
    free                                     0x00000b65   Thumb Code    78  h1_free.o(.text)
    _ll_udiv10                               0x00000bb3   Thumb Code   138  lludiv10.o(.text)
    _printf_int_common                       0x00000c3d   Thumb Code   178  _printf_intcommon.o(.text)
    _printf_fp_dec_real                      0x00000e9f   Thumb Code   620  _printf_fp_dec.o(.text)
    _printf_fp_hex_real                      0x0000110d   Thumb Code   756  _printf_fp_hex.o(.text)
    _printf_char_common                      0x00001413   Thumb Code    32  _printf_char_common.o(.text)
    _printf_cs_common                        0x00001439   Thumb Code    20  _printf_char.o(.text)
    _printf_char                             0x0000144d   Thumb Code    16  _printf_char.o(.text)
    _printf_string                           0x0000145d   Thumb Code     8  _printf_char.o(.text)
    _printf_lcs_common                       0x00001465   Thumb Code    20  _printf_wchar.o(.text)
    _printf_wchar                            0x00001479   Thumb Code    16  _printf_wchar.o(.text)
    _printf_wstring                          0x00001489   Thumb Code     8  _printf_wchar.o(.text)
    ferror                                   0x00001491   Thumb Code     8  ferror.o(.text)
    setvbuf                                  0x00001499   Thumb Code    70  setvbuf.o(.text)
    freopen                                  0x000014e1   Thumb Code   160  fopen.o(.text)
    fopen                                    0x00001581   Thumb Code    74  fopen.o(.text)
    _fclose_internal                         0x000015d1   Thumb Code    76  fclose.o(.text)
    fclose                                   0x000015d1   Thumb Code     0  fclose.o(.text)
    _c16rtomb                                0x0000161d   Thumb Code    72  _c16rtomb.o(.text)
    _wcrtomb                                 0x0000161d   Thumb Code     0  _c16rtomb.o(.text)
    __rt_SIGRTRED                            0x00001665   Thumb Code    14  defsig_rtred_outer.o(.text)
    __I$use$semihosting                      0x00001673   Thumb Code     0  use_no_semi.o(.text)
    __use_no_semihosting_swi                 0x00001673   Thumb Code     2  use_no_semi.o(.text)
    __rt_ctype_table                         0x00001675   Thumb Code    16  rt_ctype_table.o(.text)
    __semihosting_library_function           0x00001675   Thumb Code     0  indicate_semi.o(.text)
    __rt_heap_descriptor                     0x00001685   Thumb Code     8  rt_heap_descriptor_intlibspace.o(.text)
    __rt_locale                              0x0000168d   Thumb Code     8  rt_locale_intlibspace.o(.text)
    __use_no_heap                            0x00001695   Thumb Code     2  hguard.o(.text)
    __heap$guard                             0x00001697   Thumb Code     2  hguard.o(.text)
    _terminate_user_alloc                    0x00001699   Thumb Code     2  init_alloc.o(.text)
    _init_user_alloc                         0x0000169b   Thumb Code     2  init_alloc.o(.text)
    __Heap_Full                              0x0000169d   Thumb Code    34  init_alloc.o(.text)
    __Heap_Broken                            0x000016bf   Thumb Code     6  init_alloc.o(.text)
    _init_alloc                              0x000016c5   Thumb Code    94  init_alloc.o(.text)
    malloc                                   0x00001723   Thumb Code    94  h1_alloc.o(.text)
    _printf_fp_infnan                        0x00001781   Thumb Code   112  _printf_fp_infnan.o(.text)
    _btod_etento                             0x00001801   Thumb Code   224  bigflt0.o(.text)
    __flsbuf                                 0x000018e5   Thumb Code   482  flsbuf.o(.text)
    __flsbuf_byte                            0x000018e5   Thumb Code     0  flsbuf.o(.text)
    __flsbuf_wide                            0x000018e5   Thumb Code     0  flsbuf.o(.text)
    _fseek                                   0x00001ac9   Thumb Code   242  fseek.o(.text)
    fseek                                    0x00001ac9   Thumb Code     0  fseek.o(.text)
    _seterr                                  0x00001bc1   Thumb Code    20  stdio.o(.text)
    _writebuf                                0x00001bd5   Thumb Code    84  stdio.o(.text)
    _fflush                                  0x00001c29   Thumb Code    70  stdio.o(.text)
    _deferredlazyseek                        0x00001c6f   Thumb Code    60  stdio.o(.text)
    __sig_exit                               0x00001cb1   Thumb Code    10  defsig_exit.o(.text)
    __rt_SIGRTRED_inner                      0x00001cbd   Thumb Code    14  defsig_rtred_inner.o(.text)
    __Heap_Initialize                        0x00001cf1   Thumb Code    10  h1_init.o(.text)
    _maybe_terminate_alloc                   0x00001cf1   Thumb Code     0  maybetermalloc1.o(.text)
    __Heap_DescSize                          0x00001cfb   Thumb Code     4  h1_init.o(.text)
    __Heap_ProvideMemory                     0x00001cff   Thumb Code    52  h1_extend.o(.text)
    _ftell_internal                          0x00001d33   Thumb Code    66  ftell.o(.text)
    ftell                                    0x00001d33   Thumb Code     0  ftell.o(.text)
    __default_signal_display                 0x00001d75   Thumb Code    50  defsig_general.o(.text)
    __rt_SIGRTMEM                            0x00001da7   Thumb Code    14  defsig_rtmem_outer.o(.text)
    __rt_SIGRTMEM_inner                      0x00001db5   Thumb Code    22  defsig_rtmem_inner.o(.text)
    BRIDGE_ERROR_Handler                     0x00002239   Thumb Code     4  startup_SSE300MPS3.o(.text.BRIDGE_ERROR_Handler)
    BusFault_Handler                         0x0000223d   Thumb Code     4  startup_SSE300MPS3.o(.text.BusFault_Handler)
    CPU0_CTI_0_Handler                       0x00002241   Thumb Code     4  startup_SSE300MPS3.o(.text.CPU0_CTI_0_Handler)
    CPU0_CTI_1_Handler                       0x00002245   Thumb Code     4  startup_SSE300MPS3.o(.text.CPU0_CTI_1_Handler)
    CPU0_PPU_Handler                         0x00002249   Thumb Code     4  startup_SSE300MPS3.o(.text.CPU0_PPU_Handler)
    DEBUG_PPU_Handler                        0x0000224d   Thumb Code     4  startup_SSE300MPS3.o(.text.DEBUG_PPU_Handler)
    DebugMon_Handler                         0x00002251   Thumb Code     4  startup_SSE300MPS3.o(.text.DebugMon_Handler)
    ETHERNET_Handler                         0x00002361   Thumb Code     4  startup_SSE300MPS3.o(.text.ETHERNET_Handler)
    ETHOS_U55_Handler                        0x00002365   Thumb Code     4  startup_SSE300MPS3.o(.text.ETHOS_U55_Handler)
    GPIO0_0_Handler                          0x00002369   Thumb Code     4  startup_SSE300MPS3.o(.text.GPIO0_0_Handler)
    GPIO0_10_Handler                         0x0000236d   Thumb Code     4  startup_SSE300MPS3.o(.text.GPIO0_10_Handler)
    GPIO0_11_Handler                         0x00002371   Thumb Code     4  startup_SSE300MPS3.o(.text.GPIO0_11_Handler)
    GPIO0_12_Handler                         0x00002375   Thumb Code     4  startup_SSE300MPS3.o(.text.GPIO0_12_Handler)
    GPIO0_13_Handler                         0x00002379   Thumb Code     4  startup_SSE300MPS3.o(.text.GPIO0_13_Handler)
    GPIO0_14_Handler                         0x0000237d   Thumb Code     4  startup_SSE300MPS3.o(.text.GPIO0_14_Handler)
    GPIO0_15_Handler                         0x00002381   Thumb Code     4  startup_SSE300MPS3.o(.text.GPIO0_15_Handler)
    GPIO0_1_Handler                          0x00002385   Thumb Code     4  startup_SSE300MPS3.o(.text.GPIO0_1_Handler)
    GPIO0_2_Handler                          0x00002389   Thumb Code     4  startup_SSE300MPS3.o(.text.GPIO0_2_Handler)
    GPIO0_3_Handler                          0x0000238d   Thumb Code     4  startup_SSE300MPS3.o(.text.GPIO0_3_Handler)
    GPIO0_4_Handler                          0x00002391   Thumb Code     4  startup_SSE300MPS3.o(.text.GPIO0_4_Handler)
    GPIO0_5_Handler                          0x00002395   Thumb Code     4  startup_SSE300MPS3.o(.text.GPIO0_5_Handler)
    GPIO0_6_Handler                          0x00002399   Thumb Code     4  startup_SSE300MPS3.o(.text.GPIO0_6_Handler)
    GPIO0_7_Handler                          0x0000239d   Thumb Code     4  startup_SSE300MPS3.o(.text.GPIO0_7_Handler)
    GPIO0_8_Handler                          0x000023a1   Thumb Code     4  startup_SSE300MPS3.o(.text.GPIO0_8_Handler)
    GPIO0_9_Handler                          0x000023a5   Thumb Code     4  startup_SSE300MPS3.o(.text.GPIO0_9_Handler)
    GPIO0_Combined_Handler                   0x000023a9   Thumb Code     4  startup_SSE300MPS3.o(.text.GPIO0_Combined_Handler)
    GPIO1_0_Handler                          0x000023ad   Thumb Code     4  startup_SSE300MPS3.o(.text.GPIO1_0_Handler)
    GPIO1_10_Handler                         0x000023b1   Thumb Code     4  startup_SSE300MPS3.o(.text.GPIO1_10_Handler)
    GPIO1_11_Handler                         0x000023b5   Thumb Code     4  startup_SSE300MPS3.o(.text.GPIO1_11_Handler)
    GPIO1_12_Handler                         0x000023b9   Thumb Code     4  startup_SSE300MPS3.o(.text.GPIO1_12_Handler)
    GPIO1_13_Handler                         0x000023bd   Thumb Code     4  startup_SSE300MPS3.o(.text.GPIO1_13_Handler)
    GPIO1_14_Handler                         0x000023c1   Thumb Code     4  startup_SSE300MPS3.o(.text.GPIO1_14_Handler)
    GPIO1_15_Handler                         0x000023c5   Thumb Code     4  startup_SSE300MPS3.o(.text.GPIO1_15_Handler)
    GPIO1_1_Handler                          0x000023c9   Thumb Code     4  startup_SSE300MPS3.o(.text.GPIO1_1_Handler)
    GPIO1_2_Handler                          0x000023cd   Thumb Code     4  startup_SSE300MPS3.o(.text.GPIO1_2_Handler)
    GPIO1_3_Handler                          0x000023d1   Thumb Code     4  startup_SSE300MPS3.o(.text.GPIO1_3_Handler)
    GPIO1_4_Handler                          0x000023d5   Thumb Code     4  startup_SSE300MPS3.o(.text.GPIO1_4_Handler)
    GPIO1_5_Handler                          0x000023d9   Thumb Code     4  startup_SSE300MPS3.o(.text.GPIO1_5_Handler)
    GPIO1_6_Handler                          0x000023dd   Thumb Code     4  startup_SSE300MPS3.o(.text.GPIO1_6_Handler)
    GPIO1_7_Handler                          0x000023e1   Thumb Code     4  startup_SSE300MPS3.o(.text.GPIO1_7_Handler)
    GPIO1_8_Handler                          0x000023e5   Thumb Code     4  startup_SSE300MPS3.o(.text.GPIO1_8_Handler)
    GPIO1_9_Handler                          0x000023e9   Thumb Code     4  startup_SSE300MPS3.o(.text.GPIO1_9_Handler)
    GPIO1_Combined_Handler                   0x000023ed   Thumb Code     4  startup_SSE300MPS3.o(.text.GPIO1_Combined_Handler)
    GPIO2_0_Handler                          0x000023f1   Thumb Code     4  startup_SSE300MPS3.o(.text.GPIO2_0_Handler)
    GPIO2_10_Handler                         0x000023f5   Thumb Code     4  startup_SSE300MPS3.o(.text.GPIO2_10_Handler)
    GPIO2_11_Handler                         0x000023f9   Thumb Code     4  startup_SSE300MPS3.o(.text.GPIO2_11_Handler)
    GPIO2_12_Handler                         0x000023fd   Thumb Code     4  startup_SSE300MPS3.o(.text.GPIO2_12_Handler)
    GPIO2_13_Handler                         0x00002401   Thumb Code     4  startup_SSE300MPS3.o(.text.GPIO2_13_Handler)
    GPIO2_14_Handler                         0x00002405   Thumb Code     4  startup_SSE300MPS3.o(.text.GPIO2_14_Handler)
    GPIO2_15_Handler                         0x00002409   Thumb Code     4  startup_SSE300MPS3.o(.text.GPIO2_15_Handler)
    GPIO2_1_Handler                          0x0000240d   Thumb Code     4  startup_SSE300MPS3.o(.text.GPIO2_1_Handler)
    GPIO2_2_Handler                          0x00002411   Thumb Code     4  startup_SSE300MPS3.o(.text.GPIO2_2_Handler)
    GPIO2_3_Handler                          0x00002415   Thumb Code     4  startup_SSE300MPS3.o(.text.GPIO2_3_Handler)
    GPIO2_4_Handler                          0x00002419   Thumb Code     4  startup_SSE300MPS3.o(.text.GPIO2_4_Handler)
    GPIO2_5_Handler                          0x0000241d   Thumb Code     4  startup_SSE300MPS3.o(.text.GPIO2_5_Handler)
    GPIO2_6_Handler                          0x00002421   Thumb Code     4  startup_SSE300MPS3.o(.text.GPIO2_6_Handler)
    GPIO2_7_Handler                          0x00002425   Thumb Code     4  startup_SSE300MPS3.o(.text.GPIO2_7_Handler)
    GPIO2_8_Handler                          0x00002429   Thumb Code     4  startup_SSE300MPS3.o(.text.GPIO2_8_Handler)
    GPIO2_9_Handler                          0x0000242d   Thumb Code     4  startup_SSE300MPS3.o(.text.GPIO2_9_Handler)
    GPIO2_Combined_Handler                   0x00002431   Thumb Code     4  startup_SSE300MPS3.o(.text.GPIO2_Combined_Handler)
    GPIO3_0_Handler                          0x00002435   Thumb Code     4  startup_SSE300MPS3.o(.text.GPIO3_0_Handler)
    GPIO3_1_Handler                          0x00002439   Thumb Code     4  startup_SSE300MPS3.o(.text.GPIO3_1_Handler)
    GPIO3_2_Handler                          0x0000243d   Thumb Code     4  startup_SSE300MPS3.o(.text.GPIO3_2_Handler)
    GPIO3_3_Handler                          0x00002441   Thumb Code     4  startup_SSE300MPS3.o(.text.GPIO3_3_Handler)
    GPIO3_Combined_Handler                   0x00002445   Thumb Code     4  startup_SSE300MPS3.o(.text.GPIO3_Combined_Handler)
    HardFault_Handler                        0x00002449   Thumb Code     4  startup_SSE300MPS3.o(.text.HardFault_Handler)
    I2S_Handler                              0x0000244d   Thumb Code     4  startup_SSE300MPS3.o(.text.I2S_Handler)
    MGMT_PPU_Handler                         0x00002451   Thumb Code     4  startup_SSE300MPS3.o(.text.MGMT_PPU_Handler)
    MPC_Handler                              0x00002455   Thumb Code     4  startup_SSE300MPS3.o(.text.MPC_Handler)
    MSC_Handler                              0x00002459   Thumb Code     4  startup_SSE300MPS3.o(.text.MSC_Handler)
    MemManage_Handler                        0x0000245d   Thumb Code     4  startup_SSE300MPS3.o(.text.MemManage_Handler)
    NMI_Handler                              0x00002461   Thumb Code     4  startup_SSE300MPS3.o(.text.NMI_Handler)
    NONSEC_WATCHDOG_Handler                  0x00002465   Thumb Code     4  startup_SSE300MPS3.o(.text.NONSEC_WATCHDOG_Handler)
    NONSEC_WATCHDOG_RESET_REQ_Handler        0x00002469   Thumb Code     4  startup_SSE300MPS3.o(.text.NONSEC_WATCHDOG_RESET_REQ_Handler)
    PPC_Handler                              0x0000246d   Thumb Code     4  startup_SSE300MPS3.o(.text.PPC_Handler)
    PendSV_Handler                           0x00002471   Thumb Code     4  startup_SSE300MPS3.o(.text.PendSV_Handler)
    Reset_Handler                            0x00002475   Thumb Code    50  startup_SSE300MPS3.o(.text.Reset_Handler)
    SLOWCLK_Timer_Handler                    0x000024a9   Thumb Code     4  startup_SSE300MPS3.o(.text.SLOWCLK_Timer_Handler)
    SPI_ADC_Handler                          0x000024ad   Thumb Code     4  startup_SSE300MPS3.o(.text.SPI_ADC_Handler)
    SPI_SHIELD0_Handler                      0x000024b1   Thumb Code     4  startup_SSE300MPS3.o(.text.SPI_SHIELD0_Handler)
    SPI_SHIELD1_Handler                      0x000024b5   Thumb Code     4  startup_SSE300MPS3.o(.text.SPI_SHIELD1_Handler)
    SVC_Handler                              0x000024b9   Thumb Code     4  startup_SSE300MPS3.o(.text.SVC_Handler)
    SYS_PPU_Handler                          0x000024bd   Thumb Code     4  startup_SSE300MPS3.o(.text.SYS_PPU_Handler)
    SecureFault_Handler                      0x000024c1   Thumb Code     4  startup_SSE300MPS3.o(.text.SecureFault_Handler)
    SysTick_Handler                          0x000024c5   Thumb Code     4  startup_SSE300MPS3.o(.text.SysTick_Handler)
    SystemInit                               0x000024c9   Thumb Code   120  system_SSE300MPS3.o(.text.SystemInit)
    System_Timestamp_Counter_Handler         0x00002541   Thumb Code     4  startup_SSE300MPS3.o(.text.System_Timestamp_Counter_Handler)
    TFM_TIMER0_IRQ_Handler                   0x00002545   Thumb Code     4  startup_SSE300MPS3.o(.text.TFM_TIMER0_IRQ_Handler)
    TIMER1_Handler                           0x00002549   Thumb Code     4  startup_SSE300MPS3.o(.text.TIMER1_Handler)
    TIMER2_Handler                           0x0000254d   Thumb Code     4  startup_SSE300MPS3.o(.text.TIMER2_Handler)
    TIMER3_AON_Handler                       0x00002551   Thumb Code     4  startup_SSE300MPS3.o(.text.TIMER3_AON_Handler)
    TOUCH_SCREEN_Handler                     0x00002555   Thumb Code     4  startup_SSE300MPS3.o(.text.TOUCH_SCREEN_Handler)
    UART0_Combined_Handler                   0x00002559   Thumb Code     4  startup_SSE300MPS3.o(.text.UART0_Combined_Handler)
    UART1_Combined_Handler                   0x0000255d   Thumb Code     4  startup_SSE300MPS3.o(.text.UART1_Combined_Handler)
    UART2_Combined_Handler                   0x00002561   Thumb Code     4  startup_SSE300MPS3.o(.text.UART2_Combined_Handler)
    UART3_Combined_Handler                   0x00002565   Thumb Code     4  startup_SSE300MPS3.o(.text.UART3_Combined_Handler)
    UART4_Combined_Handler                   0x00002569   Thumb Code     4  startup_SSE300MPS3.o(.text.UART4_Combined_Handler)
    UART5_Handler                            0x0000256d   Thumb Code     4  startup_SSE300MPS3.o(.text.UART5_Handler)
    UARTOVF_Handler                          0x00002571   Thumb Code     4  startup_SSE300MPS3.o(.text.UARTOVF_Handler)
    UARTRX0_Handler                          0x00002575   Thumb Code   130  Driver_USART.o(.text.UARTRX0_Handler)
    UARTRX1_Handler                          0x000025f9   Thumb Code   130  Driver_USART.o(.text.UARTRX1_Handler)
    UARTRX2_Handler                          0x0000267d   Thumb Code     4  startup_SSE300MPS3.o(.text.UARTRX2_Handler)
    UARTRX3_Handler                          0x00002681   Thumb Code     4  startup_SSE300MPS3.o(.text.UARTRX3_Handler)
    UARTRX4_Handler                          0x00002685   Thumb Code     4  startup_SSE300MPS3.o(.text.UARTRX4_Handler)
    UARTRX5_Handler                          0x00002689   Thumb Code     4  startup_SSE300MPS3.o(.text.UARTRX5_Handler)
    UARTTX0_Handler                          0x0000268d   Thumb Code   118  Driver_USART.o(.text.UARTTX0_Handler)
    UARTTX1_Handler                          0x00002705   Thumb Code   118  Driver_USART.o(.text.UARTTX1_Handler)
    UARTTX2_Handler                          0x0000277d   Thumb Code     4  startup_SSE300MPS3.o(.text.UARTTX2_Handler)
    UARTTX3_Handler                          0x00002781   Thumb Code     4  startup_SSE300MPS3.o(.text.UARTTX3_Handler)
    UARTTX4_Handler                          0x00002785   Thumb Code     4  startup_SSE300MPS3.o(.text.UARTTX4_Handler)
    UARTTX5_Handler                          0x00002789   Thumb Code     4  startup_SSE300MPS3.o(.text.UARTTX5_Handler)
    USB_Handler                              0x0000278d   Thumb Code     4  startup_SSE300MPS3.o(.text.USB_Handler)
    UsageFault_Handler                       0x00002791   Thumb Code     4  startup_SSE300MPS3.o(.text.UsageFault_Handler)
    _sys_close                               0x0000282d   Thumb Code    74  retarget_io.o(.text._sys_close)
    _sys_flen                                0x00002879   Thumb Code    72  retarget_io.o(.text._sys_flen)
    _sys_istty                               0x000028c1   Thumb Code    72  retarget_io.o(.text._sys_istty)
    _sys_open                                0x00002909   Thumb Code   132  retarget_io.o(.text._sys_open)
    _sys_seek                                0x0000298d   Thumb Code    82  retarget_io.o(.text._sys_seek)
    _sys_write                               0x000029e1   Thumb Code   118  retarget_io.o(.text._sys_write)
    main                                     0x00002a59   Thumb Code   228  main.o(.text.main)
    stdout_init                              0x00002b3d   Thumb Code   142  stdout_USART.o(.text.stdout_init)
    stdout_putchar                           0x00002bcd   Thumb Code    82  stdout_USART.o(.text.stdout_putchar)
    tvmgen_cls___tvm_main__                  0x00002c21   Thumb Code   594  cls_lib1.o(.text.tvmgen_cls___tvm_main__)
    tvmgen_cls_fused_expand_dims_reshape     0x00002e75   Thumb Code    90  cls_lib1.o(.text.tvmgen_cls_fused_expand_dims_reshape)
    tvmgen_cls_fused_nn_conv2d               0x00002ed1   Thumb Code  1170  cls_lib1.o(.text.tvmgen_cls_fused_nn_conv2d)
    tvmgen_cls_fused_nn_conv2d_1             0x00003365   Thumb Code  1402  cls_lib1.o(.text.tvmgen_cls_fused_nn_conv2d_1)
    tvmgen_cls_fused_nn_conv2d_2             0x000038e1   Thumb Code  1902  cls_lib1.o(.text.tvmgen_cls_fused_nn_conv2d_2)
    tvmgen_cls_fused_nn_conv2d_3             0x00004051   Thumb Code  2734  cls_lib1.o(.text.tvmgen_cls_fused_nn_conv2d_3)
    tvmgen_cls_fused_nn_conv2d_4             0x00004b01   Thumb Code   636  cls_lib1.o(.text.tvmgen_cls_fused_nn_conv2d_4)
    tvmgen_cls_fused_nn_conv2d_5             0x00004d7d   Thumb Code   636  cls_lib1.o(.text.tvmgen_cls_fused_nn_conv2d_5)
    tvmgen_cls_fused_nn_dense_add            0x00004ff9   Thumb Code   216  cls_lib1.o(.text.tvmgen_cls_fused_nn_dense_add)
    tvmgen_cls_fused_nn_dense_add_nn_relu    0x000050d1   Thumb Code   316  cls_lib1.o(.text.tvmgen_cls_fused_nn_dense_add_nn_relu)
    tvmgen_cls_fused_nn_max_pool2d           0x0000520d   Thumb Code   224  cls_lib1.o(.text.tvmgen_cls_fused_nn_max_pool2d)
    tvmgen_cls_fused_nn_max_pool2d_1         0x000052ed   Thumb Code   216  cls_lib1.o(.text.tvmgen_cls_fused_nn_max_pool2d_1)
    tvmgen_cls_fused_nn_max_pool2d_2         0x000053c5   Thumb Code   214  cls_lib1.o(.text.tvmgen_cls_fused_nn_max_pool2d_2)
    tvmgen_cls_fused_nn_softmax              0x0000549d   Thumb Code   308  cls_lib1.o(.text.tvmgen_cls_fused_nn_softmax)
    tvmgen_cls_fused_squeeze_add_nn_relu_expand_dims 0x000055d1   Thumb Code   208  cls_lib1.o(.text.tvmgen_cls_fused_squeeze_add_nn_relu_expand_dims)
    tvmgen_cls_fused_squeeze_add_nn_relu_expand_dims_1 0x000056a1   Thumb Code   228  cls_lib1.o(.text.tvmgen_cls_fused_squeeze_add_nn_relu_expand_dims_1)
    tvmgen_cls_fused_squeeze_add_nn_relu_expand_dims_reshape 0x00005785   Thumb Code   160  cls_lib1.o(.text.tvmgen_cls_fused_squeeze_add_nn_relu_expand_dims_reshape)
    tvmgen_cls_fused_squeeze_add_nn_relu_multiply_add_expand_dims_reshape 0x00005825   Thumb Code   220  cls_lib1.o(.text.tvmgen_cls_fused_squeeze_add_nn_relu_multiply_add_expand_dims_reshape)
    tvmgen_cls_fused_squeeze_add_nn_relu_multiply_add_expand_dims_reshape_1 0x00005901   Thumb Code   220  cls_lib1.o(.text.tvmgen_cls_fused_squeeze_add_nn_relu_multiply_add_expand_dims_reshape_1)
    tvmgen_cls_fused_squeeze_add_nn_relu_transpose_reshape 0x000059dd   Thumb Code   208  cls_lib1.o(.text.tvmgen_cls_fused_squeeze_add_nn_relu_transpose_reshape)
    tvmgen_cls_run                           0x00005aad   Thumb Code    40  cls_lib0.o(.text.tvmgen_cls_run)
    uart_cmsdk_clear_interrupt               0x00005ad5   Thumb Code    86  uart_cmsdk_drv.o(.text.uart_cmsdk_clear_interrupt)
    uart_cmsdk_init                          0x00005b2d   Thumb Code   104  uart_cmsdk_drv.o(.text.uart_cmsdk_init)
    uart_cmsdk_irq_rx_disable                0x00005b95   Thumb Code    40  uart_cmsdk_drv.o(.text.uart_cmsdk_irq_rx_disable)
    uart_cmsdk_irq_rx_enable                 0x00005bbd   Thumb Code    58  uart_cmsdk_drv.o(.text.uart_cmsdk_irq_rx_enable)
    uart_cmsdk_irq_tx_disable                0x00005bf9   Thumb Code    40  uart_cmsdk_drv.o(.text.uart_cmsdk_irq_tx_disable)
    uart_cmsdk_irq_tx_enable                 0x00005c21   Thumb Code    58  uart_cmsdk_drv.o(.text.uart_cmsdk_irq_tx_enable)
    uart_cmsdk_read                          0x00005c5d   Thumb Code    58  uart_cmsdk_drv.o(.text.uart_cmsdk_read)
    uart_cmsdk_rx_disable                    0x00005c99   Thumb Code    40  uart_cmsdk_drv.o(.text.uart_cmsdk_rx_disable)
    uart_cmsdk_rx_enable                     0x00005cc1   Thumb Code    58  uart_cmsdk_drv.o(.text.uart_cmsdk_rx_enable)
    uart_cmsdk_rx_ready                      0x00005cfd   Thumb Code    48  uart_cmsdk_drv.o(.text.uart_cmsdk_rx_ready)
    uart_cmsdk_set_baudrate                  0x00005d2d   Thumb Code   108  uart_cmsdk_drv.o(.text.uart_cmsdk_set_baudrate)
    uart_cmsdk_tx_disable                    0x00005d99   Thumb Code    40  uart_cmsdk_drv.o(.text.uart_cmsdk_tx_disable)
    uart_cmsdk_tx_enable                     0x00005dc1   Thumb Code    58  uart_cmsdk_drv.o(.text.uart_cmsdk_tx_enable)
    uart_cmsdk_write                         0x00005dfd   Thumb Code    58  uart_cmsdk_drv.o(.text.uart_cmsdk_write)
    _btod_d2e                                0x00005e37   Thumb Code    62  btod.o(CL$$btod_d2e)
    _d2e_denorm_low                          0x00005e75   Thumb Code    70  btod.o(CL$$btod_d2e_denorm_low)
    _d2e_norm_op1                            0x00005ebb   Thumb Code    96  btod.o(CL$$btod_d2e_norm_op1)
    __btod_div_common                        0x00005f1d   Thumb Code   696  btod.o(CL$$btod_div_common)
    _e2e                                     0x00006255   Thumb Code   220  btod.o(CL$$btod_e2e)
    _btod_ediv                               0x00006331   Thumb Code    42  btod.o(CL$$btod_ediv)
    _btod_emul                               0x0000635b   Thumb Code    42  btod.o(CL$$btod_emul)
    __btod_mult_common                       0x00006385   Thumb Code   580  btod.o(CL$$btod_mult_common)
    __ARM_fpclassify                         0x000065c9   Thumb Code    48  fpclassify.o(i.__ARM_fpclassify)
    __ARM_fpclassifyf                        0x000065f9   Thumb Code    38  fpclassifyf.o(i.__ARM_fpclassifyf)
    __hardfp_expf                            0x00006621   Thumb Code   430  expf.o(i.__hardfp_expf)
    __mathlib_expf                           0x00006621   Thumb Code     0  expf.o(i.__hardfp_expf)
    __mathlib_flt_infnan                     0x0000680d   Thumb Code     6  funder.o(i.__mathlib_flt_infnan)
    __mathlib_flt_overflow                   0x00006815   Thumb Code    10  funder.o(i.__mathlib_flt_overflow)
    __mathlib_flt_underflow                  0x00006825   Thumb Code    10  funder.o(i.__mathlib_flt_underflow)
    _is_digit                                0x00006835   Thumb Code    14  __printf_wp.o(i._is_digit)
    fputc                                    0x00006843   Thumb Code    28  fputc.o(i.fputc)
    _get_lc_numeric                          0x00006861   Thumb Code    44  lc_numeric_c.o(locale$$code)
    _get_lc_ctype                            0x0000688d   Thumb Code    44  lc_ctype_c.o(locale$$code)
    _fp_init                                 0x000068b9   Thumb Code    30  fpinit_81m.o(x$fpl$fpinit)
    __fplib_config_fpu_vfp                   0x000068d5   Thumb Code     0  fpinit_81m.o(x$fpl$fpinit)
    __fplib_config_pureend_doubles           0x000068d5   Thumb Code     0  fpinit_81m.o(x$fpl$fpinit)
    _printf_fp_dec                           0x000068d7   Thumb Code     4  printf1.o(x$fpl$printf1)
    _printf_fp_hex                           0x000068db   Thumb Code     4  printf2.o(x$fpl$printf2)
    __I$use$fp                               0x000068de   Number         0  usenofp.o(x$fpl$usenofp)
    Driver_USART0                            0x00006a1c   Data          56  Driver_USART.o(.rodata.Driver_USART0)
    __stderr_name                            0x00006a64   Data           8  retarget_io.o(.rodata.__stderr_name)
    __stdin_name                             0x00006a6c   Data           7  retarget_io.o(.rodata.__stdin_name)
    __stdout_name                            0x00006a73   Data           8  retarget_io.o(.rodata.__stdout_name)
    Region$$Table$$Base                      0x00006ae8   Number         0  anon$$obj.o(Region$$Table)
    Region$$Table$$Limit                     0x00006b38   Number         0  anon$$obj.o(Region$$Table)
    __ctype                                  0x00006b61   Data           0  lc_ctype_c.o(locale$$data)
    Image$$ARM_LIB_HEAP$$ZI$$Base            0x11040000   Number         0  anon$$obj.o ABSOLUTE
    Image$$ARM_LIB_HEAP$$ZI$$Limit           0x11100000   Number         0  anon$$obj.o ABSOLUTE
    __aeabi_stdin                            0x20000000   Data           4  stdio_streams.o(.data)
    __aeabi_stdout                           0x20000004   Data           4  stdio_streams.o(.data)
    __aeabi_stderr                           0x20000008   Data           4  stdio_streams.o(.data)
    PeripheralClock                          0x20000054   Data           4  system_SSE300MPS3.o(.data.PeripheralClock)
    SystemCoreClock                          0x20000058   Data           4  system_SSE300MPS3.o(.data.SystemCoreClock)
    UART0_CMSDK_DEV_S                        0x2000005c   Data           8  device_definition.o(.data.UART0_CMSDK_DEV_S)
    UART1_CMSDK_DEV_S                        0x20000064   Data           8  device_definition.o(.data.UART1_CMSDK_DEV_S)
    __stdin                                  0x2000006c   Data          84  stdio_streams.o(.bss)
    __stdout                                 0x200000c0   Data          84  stdio_streams.o(.bss)
    __stderr                                 0x20000114   Data          84  stdio_streams.o(.bss)
    __libspace_start                         0x20000168   Data          96  libspace.o(.bss)
    __temporary_stack_top$libspace           0x200001c8   Data           0  libspace.o(.bss)
    Image$$ARM_LIB_STACK$$ZI$$Base           0x20060000   Number         0  anon$$obj.o ABSOLUTE
    Image$$ARM_LIB_STACK$$ZI$$Limit          0x20068000   Number         0  anon$$obj.o ABSOLUTE
    labels                                   0x60000000   Data          28  main.o(.data.tvm)
    input                                    0x60000020   Data       14400  main.o(.data.tvm)
    output                                   0x60003860   Data          28  main.o(.data.tvm)



==============================================================================

Memory Map of the image

  Image Entry point : 0x0000024d

  Load Region LOAD_REGION_0 (Base: 0x00000000, Size: 0x00006cd0, Max: 0x00080000, ABSOLUTE)

    Execution Region itcm.bin (Exec base: 0x00000000, Load base: 0x00000000, Size: 0x00006c64, Max: 0x00080000, ABSOLUTE)

    Exec Addr    Load Addr    Size         Type   Attr      Idx    E Section Name        Object

    0x00000000   0x00000000   0x0000024c   Data   RO          231    RESET               startup_SSE300MPS3.o
    0x0000024c   0x0000024c   0x00000008   Code   RO         3078  * !!!main             c_w.l(__main.o)
    0x00000254   0x00000254   0x00000034   Code   RO         3701    !!!scatter          c_w.l(__scatter.o)
    0x00000288   0x00000288   0x0000001a   Code   RO         3703    !!handler_copy      c_w.l(__scatter_copy.o)
    0x000002a2   0x000002a2   0x00000002   PAD
    0x000002a4   0x000002a4   0x0000001c   Code   RO         3705    !!handler_zi        c_w.l(__scatter_zi.o)
    0x000002c0   0x000002c0   0x00000000   Code   RO         3222    .ARM.Collect$$_printf_percent$$00000000  c_w.l(_printf_percent.o)
    0x000002c0   0x000002c0   0x00000006   Code   RO         3211    .ARM.Collect$$_printf_percent$$00000001  c_w.l(_printf_n.o)
    0x000002c6   0x000002c6   0x00000006   Code   RO         3213    .ARM.Collect$$_printf_percent$$00000002  c_w.l(_printf_p.o)
    0x000002cc   0x000002cc   0x00000006   Code   RO         3218    .ARM.Collect$$_printf_percent$$00000003  c_w.l(_printf_f.o)
    0x000002d2   0x000002d2   0x00000006   Code   RO         3219    .ARM.Collect$$_printf_percent$$00000004  c_w.l(_printf_e.o)
    0x000002d8   0x000002d8   0x00000006   Code   RO         3220    .ARM.Collect$$_printf_percent$$00000005  c_w.l(_printf_g.o)
    0x000002de   0x000002de   0x00000006   Code   RO         3221    .ARM.Collect$$_printf_percent$$00000006  c_w.l(_printf_a.o)
    0x000002e4   0x000002e4   0x0000000a   Code   RO         3226    .ARM.Collect$$_printf_percent$$00000007  c_w.l(_printf_ll.o)
    0x000002ee   0x000002ee   0x00000006   Code   RO         3215    .ARM.Collect$$_printf_percent$$00000008  c_w.l(_printf_i.o)
    0x000002f4   0x000002f4   0x00000006   Code   RO         3216    .ARM.Collect$$_printf_percent$$00000009  c_w.l(_printf_d.o)
    0x000002fa   0x000002fa   0x00000006   Code   RO         3217    .ARM.Collect$$_printf_percent$$0000000A  c_w.l(_printf_u.o)
    0x00000300   0x00000300   0x00000006   Code   RO         3214    .ARM.Collect$$_printf_percent$$0000000B  c_w.l(_printf_o.o)
    0x00000306   0x00000306   0x00000006   Code   RO         3212    .ARM.Collect$$_printf_percent$$0000000C  c_w.l(_printf_x.o)
    0x0000030c   0x0000030c   0x00000006   Code   RO         3223    .ARM.Collect$$_printf_percent$$0000000D  c_w.l(_printf_lli.o)
    0x00000312   0x00000312   0x00000006   Code   RO         3224    .ARM.Collect$$_printf_percent$$0000000E  c_w.l(_printf_lld.o)
    0x00000318   0x00000318   0x00000006   Code   RO         3225    .ARM.Collect$$_printf_percent$$0000000F  c_w.l(_printf_llu.o)
    0x0000031e   0x0000031e   0x00000006   Code   RO         3230    .ARM.Collect$$_printf_percent$$00000010  c_w.l(_printf_llo.o)
    0x00000324   0x00000324   0x00000006   Code   RO         3231    .ARM.Collect$$_printf_percent$$00000011  c_w.l(_printf_llx.o)
    0x0000032a   0x0000032a   0x0000000a   Code   RO         3227    .ARM.Collect$$_printf_percent$$00000012  c_w.l(_printf_l.o)
    0x00000334   0x00000334   0x00000006   Code   RO         3209    .ARM.Collect$$_printf_percent$$00000013  c_w.l(_printf_c.o)
    0x0000033a   0x0000033a   0x00000006   Code   RO         3210    .ARM.Collect$$_printf_percent$$00000014  c_w.l(_printf_s.o)
    0x00000340   0x00000340   0x00000006   Code   RO         3228    .ARM.Collect$$_printf_percent$$00000015  c_w.l(_printf_lc.o)
    0x00000346   0x00000346   0x00000006   Code   RO         3229    .ARM.Collect$$_printf_percent$$00000016  c_w.l(_printf_ls.o)
    0x0000034c   0x0000034c   0x00000004   Code   RO         3407    .ARM.Collect$$_printf_percent$$00000017  c_w.l(_printf_percent_end.o)
    0x00000350   0x00000350   0x00000002   Code   RO         3603    .ARM.Collect$$libinit$$00000000  c_w.l(libinit.o)
    0x00000352   0x00000352   0x00000004   Code   RO         3439    .ARM.Collect$$libinit$$00000001  c_w.l(libinit2.o)
    0x00000356   0x00000356   0x00000000   Code   RO         3442    .ARM.Collect$$libinit$$00000004  c_w.l(libinit2.o)
    0x00000356   0x00000356   0x00000000   Code   RO         3444    .ARM.Collect$$libinit$$00000006  c_w.l(libinit2.o)
    0x00000356   0x00000356   0x00000008   Code   RO         3659    .ARM.Collect$$libinit$$0000000A  c_w.l(libinit5.o)
    0x0000035e   0x0000035e   0x00000000   Code   RO         3447    .ARM.Collect$$libinit$$0000000C  c_w.l(libinit2.o)
    0x0000035e   0x0000035e   0x00000000   Code   RO         3449    .ARM.Collect$$libinit$$0000000E  c_w.l(libinit2.o)
    0x0000035e   0x0000035e   0x00000000   Code   RO         3451    .ARM.Collect$$libinit$$00000010  c_w.l(libinit2.o)
    0x0000035e   0x0000035e   0x00000006   Code   RO         3452    .ARM.Collect$$libinit$$00000011  c_w.l(libinit2.o)
    0x00000364   0x00000364   0x00000000   Code   RO         3454    .ARM.Collect$$libinit$$00000013  c_w.l(libinit2.o)
    0x00000364   0x00000364   0x0000000c   Code   RO         3455    .ARM.Collect$$libinit$$00000014  c_w.l(libinit2.o)
    0x00000370   0x00000370   0x00000000   Code   RO         3456    .ARM.Collect$$libinit$$00000015  c_w.l(libinit2.o)
    0x00000370   0x00000370   0x00000000   Code   RO         3458    .ARM.Collect$$libinit$$00000017  c_w.l(libinit2.o)
    0x00000370   0x00000370   0x0000000a   Code   RO         3459    .ARM.Collect$$libinit$$00000018  c_w.l(libinit2.o)
    0x0000037a   0x0000037a   0x00000000   Code   RO         3460    .ARM.Collect$$libinit$$00000019  c_w.l(libinit2.o)
    0x0000037a   0x0000037a   0x00000000   Code   RO         3462    .ARM.Collect$$libinit$$0000001B  c_w.l(libinit2.o)
    0x0000037a   0x0000037a   0x00000000   Code   RO         3464    .ARM.Collect$$libinit$$0000001D  c_w.l(libinit2.o)
    0x0000037a   0x0000037a   0x00000000   Code   RO         3466    .ARM.Collect$$libinit$$0000001F  c_w.l(libinit2.o)
    0x0000037a   0x0000037a   0x00000000   Code   RO         3468    .ARM.Collect$$libinit$$00000021  c_w.l(libinit2.o)
    0x0000037a   0x0000037a   0x00000000   Code   RO         3470    .ARM.Collect$$libinit$$00000023  c_w.l(libinit2.o)
    0x0000037a   0x0000037a   0x00000000   Code   RO         3472    .ARM.Collect$$libinit$$00000025  c_w.l(libinit2.o)
    0x0000037a   0x0000037a   0x00000004   Code   RO         3473    .ARM.Collect$$libinit$$00000026  c_w.l(libinit2.o)
    0x0000037e   0x0000037e   0x00000000   Code   RO         3474    .ARM.Collect$$libinit$$00000027  c_w.l(libinit2.o)
    0x0000037e   0x0000037e   0x00000000   Code   RO         3478    .ARM.Collect$$libinit$$0000002E  c_w.l(libinit2.o)
    0x0000037e   0x0000037e   0x00000000   Code   RO         3480    .ARM.Collect$$libinit$$00000030  c_w.l(libinit2.o)
    0x0000037e   0x0000037e   0x00000000   Code   RO         3482    .ARM.Collect$$libinit$$00000032  c_w.l(libinit2.o)
    0x0000037e   0x0000037e   0x00000000   Code   RO         3484    .ARM.Collect$$libinit$$00000034  c_w.l(libinit2.o)
    0x0000037e   0x0000037e   0x00000002   Code   RO         3485    .ARM.Collect$$libinit$$00000035  c_w.l(libinit2.o)
    0x00000380   0x00000380   0x00000008   Code   RO         3660    .ARM.Collect$$libinit$$0000271B  c_w.l(libinit5.o)
    0x00000388   0x00000388   0x00000002   Code   RO         3604    .ARM.Collect$$libshutdown$$00000000  c_w.l(libshutdown.o)
    0x0000038a   0x0000038a   0x00000000   Code   RO         3487    .ARM.Collect$$libshutdown$$00000002  c_w.l(libshutdown2.o)
    0x0000038a   0x0000038a   0x00000004   Code   RO         3488    .ARM.Collect$$libshutdown$$00000003  c_w.l(libshutdown2.o)
    0x0000038e   0x0000038e   0x00000000   Code   RO         3489    .ARM.Collect$$libshutdown$$00000004  c_w.l(libshutdown2.o)
    0x0000038e   0x0000038e   0x00000000   Code   RO         3492    .ARM.Collect$$libshutdown$$00000007  c_w.l(libshutdown2.o)
    0x0000038e   0x0000038e   0x00000000   Code   RO         3495    .ARM.Collect$$libshutdown$$0000000A  c_w.l(libshutdown2.o)
    0x0000038e   0x0000038e   0x00000000   Code   RO         3497    .ARM.Collect$$libshutdown$$0000000C  c_w.l(libshutdown2.o)
    0x0000038e   0x0000038e   0x00000000   Code   RO         3500    .ARM.Collect$$libshutdown$$0000000F  c_w.l(libshutdown2.o)
    0x0000038e   0x0000038e   0x00000002   Code   RO         3501    .ARM.Collect$$libshutdown$$00000010  c_w.l(libshutdown2.o)
    0x00000390   0x00000390   0x00000000   Code   RO         3131    .ARM.Collect$$rtentry$$00000000  c_w.l(__rtentry.o)
    0x00000390   0x00000390   0x00000000   Code   RO         3301    .ARM.Collect$$rtentry$$00000002  c_w.l(__rtentry2.o)
    0x00000390   0x00000390   0x00000004   Code   RO         3315    .ARM.Collect$$rtentry$$00000007  c_w.l(__rtentry7.o)
    0x00000394   0x00000394   0x00000000   Code   RO         3303    .ARM.Collect$$rtentry$$00000009  c_w.l(__rtentry2.o)
    0x00000394   0x00000394   0x00000004   Code   RO         3304    .ARM.Collect$$rtentry$$0000000A  c_w.l(__rtentry2.o)
    0x00000398   0x00000398   0x00000000   Code   RO         3306    .ARM.Collect$$rtentry$$0000000C  c_w.l(__rtentry2.o)
    0x00000398   0x00000398   0x00000008   Code   RO         3307    .ARM.Collect$$rtentry$$0000000D  c_w.l(__rtentry2.o)
    0x000003a0   0x000003a0   0x00000004   Code   RO         3316    .ARM.Collect$$rtentry$$00002718  c_w.l(__rtentry7.o)
    0x000003a4   0x000003a4   0x00000002   Code   RO         3132    .ARM.Collect$$rtexit$$00000000  c_w.l(rtexit.o)
    0x000003a6   0x000003a6   0x00000000   Code   RO         3321    .ARM.Collect$$rtexit$$00000002  c_w.l(rtexit2.o)
    0x000003a6   0x000003a6   0x00000004   Code   RO         3322    .ARM.Collect$$rtexit$$00000003  c_w.l(rtexit2.o)
    0x000003aa   0x000003aa   0x00000006   Code   RO         3323    .ARM.Collect$$rtexit$$00000004  c_w.l(rtexit2.o)
    0x000003b0   0x000003b0   0x00000018   Code   RO         3052    .text               c_w.l(printf.o)
    0x000003c8   0x000003c8   0x00000012   Code   RO         3062    .text               c_w.l(exit.o)
    0x000003da   0x000003da   0x0000004e   Code   RO         3074    .text               c_w.l(rt_memclr_w.o)
    0x00000428   0x00000428   0x0000007c   Code   RO         3076    .text               c_w.l(strcmpv8m_maindsp.o)
    0x000004a4   0x000004a4   0x00000016   Code   RO         3140    .text               c_w.l(_rserrno.o)
    0x000004ba   0x000004ba   0x0000004e   Code   RO         3144    .text               c_w.l(_printf_pad.o)
    0x00000508   0x00000508   0x00000024   Code   RO         3146    .text               c_w.l(_printf_truncate.o)
    0x0000052c   0x0000052c   0x00000052   Code   RO         3148    .text               c_w.l(_printf_str.o)
    0x0000057e   0x0000057e   0x00000002   PAD
    0x00000580   0x00000580   0x00000078   Code   RO         3150    .text               c_w.l(_printf_dec.o)
    0x000005f8   0x000005f8   0x00000028   Code   RO         3152    .text               c_w.l(_printf_charcount.o)
    0x00000620   0x00000620   0x00000024   Code   RO         3154    .text               c_w.l(_printf_char_file.o)
    0x00000644   0x00000644   0x000000bc   Code   RO         3156    .text               c_w.l(_printf_wctomb.o)
    0x00000700   0x00000700   0x0000007c   Code   RO         3159    .text               c_w.l(_printf_longlong_dec.o)
    0x0000077c   0x0000077c   0x00000070   Code   RO         3165    .text               c_w.l(_printf_oct_int_ll.o)
    0x000007ec   0x000007ec   0x00000094   Code   RO         3185    .text               c_w.l(_printf_hex_int_ll_ptr.o)
    0x00000880   0x00000880   0x00000188   Code   RO         3206    .text               c_w.l(__printf_flags_ss_wp.o)
    0x00000a08   0x00000a08   0x00000138   Code   RO         3232    .text               c_w.l(initio.o)
    0x00000b40   0x00000b40   0x0000000e   Code   RO         3290    .text               c_w.l(sys_wrch.o)
    0x00000b4e   0x00000b4e   0x00000002   PAD
    0x00000b50   0x00000b50   0x0000000c   Code   RO         3292    .text               c_w.l(sys_exit.o)
    0x00000b5c   0x00000b5c   0x00000008   Code   RO         3332    .text               c_w.l(rt_errno_addr_intlibspace.o)
    0x00000b64   0x00000b64   0x0000004e   Code   RO         3336    .text               c_w.l(h1_free.o)
    0x00000bb2   0x00000bb2   0x0000008a   Code   RO         3390    .text               c_w.l(lludiv10.o)
    0x00000c3c   0x00000c3c   0x000000b2   Code   RO         3392    .text               c_w.l(_printf_intcommon.o)
    0x00000cee   0x00000cee   0x0000041c   Code   RO         3394    .text               c_w.l(_printf_fp_dec.o)
    0x0000110a   0x0000110a   0x00000002   PAD
    0x0000110c   0x0000110c   0x000002fc   Code   RO         3398    .text               c_w.l(_printf_fp_hex.o)
    0x00001408   0x00001408   0x00000030   Code   RO         3401    .text               c_w.l(_printf_char_common.o)
    0x00001438   0x00001438   0x0000002c   Code   RO         3403    .text               c_w.l(_printf_char.o)
    0x00001464   0x00001464   0x0000002c   Code   RO         3405    .text               c_w.l(_printf_wchar.o)
    0x00001490   0x00001490   0x00000008   Code   RO         3408    .text               c_w.l(ferror.o)
    0x00001498   0x00001498   0x00000046   Code   RO         3414    .text               c_w.l(setvbuf.o)
    0x000014de   0x000014de   0x00000002   PAD
    0x000014e0   0x000014e0   0x000000f0   Code   RO         3417    .text               c_w.l(fopen.o)
    0x000015d0   0x000015d0   0x0000004c   Code   RO         3419    .text               c_w.l(fclose.o)
    0x0000161c   0x0000161c   0x00000048   Code   RO         3429    .text               c_w.l(_c16rtomb.o)
    0x00001664   0x00001664   0x0000000e   Code   RO         3435    .text               c_w.l(defsig_rtred_outer.o)
    0x00001672   0x00001672   0x00000002   Code   RO         3505    .text               c_w.l(use_no_semi.o)
    0x00001674   0x00001674   0x00000000   Code   RO         3507    .text               c_w.l(indicate_semi.o)
    0x00001674   0x00001674   0x00000010   Code   RO         3510    .text               c_w.l(rt_ctype_table.o)
    0x00001684   0x00001684   0x00000008   Code   RO         3517    .text               c_w.l(rt_heap_descriptor_intlibspace.o)
    0x0000168c   0x0000168c   0x00000008   Code   RO         3522    .text               c_w.l(rt_locale_intlibspace.o)
    0x00001694   0x00001694   0x00000004   Code   RO         3524    .text               c_w.l(hguard.o)
    0x00001698   0x00001698   0x0000008a   Code   RO         3526    .text               c_w.l(init_alloc.o)
    0x00001722   0x00001722   0x0000005e   Code   RO         3532    .text               c_w.l(h1_alloc.o)
    0x00001780   0x00001780   0x00000080   Code   RO         3544    .text               c_w.l(_printf_fp_infnan.o)
    0x00001800   0x00001800   0x000000e4   Code   RO         3548    .text               c_w.l(bigflt0.o)
    0x000018e4   0x000018e4   0x000001e2   Code   RO         3575    .text               c_w.l(flsbuf.o)
    0x00001ac6   0x00001ac6   0x00000002   PAD
    0x00001ac8   0x00001ac8   0x000000f8   Code   RO         3577    .text               c_w.l(fseek.o)
    0x00001bc0   0x00001bc0   0x000000f0   Code   RO         3579    .text               c_w.l(stdio.o)
    0x00001cb0   0x00001cb0   0x0000000a   Code   RO         3584    .text               c_w.l(defsig_exit.o)
    0x00001cba   0x00001cba   0x00000002   PAD
    0x00001cbc   0x00001cbc   0x00000034   Code   RO         3592    .text               c_w.l(defsig_rtred_inner.o)
    0x00001cf0   0x00001cf0   0x00000000   Code   RO         3613    .text               c_w.l(maybetermalloc1.o)
    0x00001cf0   0x00001cf0   0x0000000e   Code   RO         3615    .text               c_w.l(h1_init.o)
    0x00001cfe   0x00001cfe   0x00000034   Code   RO         3617    .text               c_w.l(h1_extend.o)
    0x00001d32   0x00001d32   0x00000042   Code   RO         3627    .text               c_w.l(ftell.o)
    0x00001d74   0x00001d74   0x00000032   Code   RO         3638    .text               c_w.l(defsig_general.o)
    0x00001da6   0x00001da6   0x0000000e   Code   RO         3642    .text               c_w.l(defsig_rtmem_outer.o)
    0x00001db4   0x00001db4   0x00000050   Code   RO         3681    .text               c_w.l(defsig_rtmem_inner.o)
    0x00001e04   0x00001e04   0x00000014   Code   RO         2726    .text.ARM_USART_GetCapabilities  Driver_USART.o
    0x00001e18   0x00001e18   0x00000014   Code   RO         2724    .text.ARM_USART_GetVersion  Driver_USART.o
    0x00001e2c   0x00001e2c   0x00000158   Code   RO         2802    .text.ARM_USARTx_Control  Driver_USART.o
    0x00001f84   0x00001f84   0x0000000c   Code   RO         2800    .text.ARM_USARTx_GetRxCount  Driver_USART.o
    0x00001f90   0x00001f90   0x00000036   Code   RO         2804    .text.ARM_USARTx_GetStatus  Driver_USART.o
    0x00001fc6   0x00001fc6   0x00000002   PAD
    0x00001fc8   0x00001fc8   0x0000000c   Code   RO         2798    .text.ARM_USARTx_GetTxCount  Driver_USART.o
    0x00001fd4   0x00001fd4   0x00000018   Code   RO         2780    .text.ARM_USARTx_Initialize  Driver_USART.o
    0x00001fec   0x00001fec   0x000000f2   Code   RO         2784    .text.ARM_USARTx_PowerControl  Driver_USART.o
    0x000020de   0x000020de   0x00000002   PAD
    0x000020e0   0x000020e0   0x00000082   Code   RO         2794    .text.ARM_USARTx_Receive  Driver_USART.o
    0x00002162   0x00002162   0x00000002   PAD
    0x00002164   0x00002164   0x00000078   Code   RO         2792    .text.ARM_USARTx_Send  Driver_USART.o
    0x000021dc   0x000021dc   0x0000003c   Code   RO         2796    .text.ARM_USARTx_Transfer  Driver_USART.o
    0x00002218   0x00002218   0x0000001e   Code   RO         2782    .text.ARM_USARTx_Uninitialize  Driver_USART.o
    0x00002236   0x00002236   0x00000002   PAD
    0x00002238   0x00002238   0x00000004   Code   RO           45    .text.BRIDGE_ERROR_Handler  startup_SSE300MPS3.o
    0x0000223c   0x0000223c   0x00000004   Code   RO           13    .text.BusFault_Handler  startup_SSE300MPS3.o
    0x00002240   0x00002240   0x00000004   Code   RO           57    .text.CPU0_CTI_0_Handler  startup_SSE300MPS3.o
    0x00002244   0x00002244   0x00000004   Code   RO           59    .text.CPU0_CTI_1_Handler  startup_SSE300MPS3.o
    0x00002248   0x00002248   0x00000004   Code   RO           51    .text.CPU0_PPU_Handler  startup_SSE300MPS3.o
    0x0000224c   0x0000224c   0x00000004   Code   RO           53    .text.DEBUG_PPU_Handler  startup_SSE300MPS3.o
    0x00002250   0x00002250   0x00000004   Code   RO           21    .text.DebugMon_Handler  startup_SSE300MPS3.o
    0x00002254   0x00002254   0x0000001c   Code   RO         2744    .text.Driver_USART0_Control  Driver_USART.o
    0x00002270   0x00002270   0x0000000c   Code   RO         2750    .text.Driver_USART0_GetModemStatus  Driver_USART.o
    0x0000227c   0x0000227c   0x00000010   Code   RO         2742    .text.Driver_USART0_GetRxCount  Driver_USART.o
    0x0000228c   0x0000228c   0x00000018   Code   RO         2746    .text.Driver_USART0_GetStatus  Driver_USART.o
    0x000022a4   0x000022a4   0x00000010   Code   RO         2740    .text.Driver_USART0_GetTxCount  Driver_USART.o
    0x000022b4   0x000022b4   0x00000018   Code   RO         2728    .text.Driver_USART0_Initialize  Driver_USART.o
    0x000022cc   0x000022cc   0x0000001c   Code   RO         2732    .text.Driver_USART0_PowerControl  Driver_USART.o
    0x000022e8   0x000022e8   0x0000001c   Code   RO         2736    .text.Driver_USART0_Receive  Driver_USART.o
    0x00002304   0x00002304   0x0000001c   Code   RO         2734    .text.Driver_USART0_Send  Driver_USART.o
    0x00002320   0x00002320   0x0000000e   Code   RO         2748    .text.Driver_USART0_SetModemControl  Driver_USART.o
    0x0000232e   0x0000232e   0x00000002   PAD
    0x00002330   0x00002330   0x00000020   Code   RO         2738    .text.Driver_USART0_Transfer  Driver_USART.o
    0x00002350   0x00002350   0x00000010   Code   RO         2730    .text.Driver_USART0_Uninitialize  Driver_USART.o
    0x00002360   0x00002360   0x00000004   Code   RO           95    .text.ETHERNET_Handler  startup_SSE300MPS3.o
    0x00002364   0x00002364   0x00000004   Code   RO          109    .text.ETHOS_U55_Handler  startup_SSE300MPS3.o
    0x00002368   0x00002368   0x00000004   Code   RO          119    .text.GPIO0_0_Handler  startup_SSE300MPS3.o
    0x0000236c   0x0000236c   0x00000004   Code   RO          139    .text.GPIO0_10_Handler  startup_SSE300MPS3.o
    0x00002370   0x00002370   0x00000004   Code   RO          141    .text.GPIO0_11_Handler  startup_SSE300MPS3.o
    0x00002374   0x00002374   0x00000004   Code   RO          143    .text.GPIO0_12_Handler  startup_SSE300MPS3.o
    0x00002378   0x00002378   0x00000004   Code   RO          145    .text.GPIO0_13_Handler  startup_SSE300MPS3.o
    0x0000237c   0x0000237c   0x00000004   Code   RO          147    .text.GPIO0_14_Handler  startup_SSE300MPS3.o
    0x00002380   0x00002380   0x00000004   Code   RO          149    .text.GPIO0_15_Handler  startup_SSE300MPS3.o
    0x00002384   0x00002384   0x00000004   Code   RO          121    .text.GPIO0_1_Handler  startup_SSE300MPS3.o
    0x00002388   0x00002388   0x00000004   Code   RO          123    .text.GPIO0_2_Handler  startup_SSE300MPS3.o
    0x0000238c   0x0000238c   0x00000004   Code   RO          125    .text.GPIO0_3_Handler  startup_SSE300MPS3.o
    0x00002390   0x00002390   0x00000004   Code   RO          127    .text.GPIO0_4_Handler  startup_SSE300MPS3.o
    0x00002394   0x00002394   0x00000004   Code   RO          129    .text.GPIO0_5_Handler  startup_SSE300MPS3.o
    0x00002398   0x00002398   0x00000004   Code   RO          131    .text.GPIO0_6_Handler  startup_SSE300MPS3.o
    0x0000239c   0x0000239c   0x00000004   Code   RO          133    .text.GPIO0_7_Handler  startup_SSE300MPS3.o
    0x000023a0   0x000023a0   0x00000004   Code   RO          135    .text.GPIO0_8_Handler  startup_SSE300MPS3.o
    0x000023a4   0x000023a4   0x00000004   Code   RO          137    .text.GPIO0_9_Handler  startup_SSE300MPS3.o
    0x000023a8   0x000023a8   0x00000004   Code   RO          111    .text.GPIO0_Combined_Handler  startup_SSE300MPS3.o
    0x000023ac   0x000023ac   0x00000004   Code   RO          151    .text.GPIO1_0_Handler  startup_SSE300MPS3.o
    0x000023b0   0x000023b0   0x00000004   Code   RO          171    .text.GPIO1_10_Handler  startup_SSE300MPS3.o
    0x000023b4   0x000023b4   0x00000004   Code   RO          173    .text.GPIO1_11_Handler  startup_SSE300MPS3.o
    0x000023b8   0x000023b8   0x00000004   Code   RO          175    .text.GPIO1_12_Handler  startup_SSE300MPS3.o
    0x000023bc   0x000023bc   0x00000004   Code   RO          177    .text.GPIO1_13_Handler  startup_SSE300MPS3.o
    0x000023c0   0x000023c0   0x00000004   Code   RO          179    .text.GPIO1_14_Handler  startup_SSE300MPS3.o
    0x000023c4   0x000023c4   0x00000004   Code   RO          181    .text.GPIO1_15_Handler  startup_SSE300MPS3.o
    0x000023c8   0x000023c8   0x00000004   Code   RO          153    .text.GPIO1_1_Handler  startup_SSE300MPS3.o
    0x000023cc   0x000023cc   0x00000004   Code   RO          155    .text.GPIO1_2_Handler  startup_SSE300MPS3.o
    0x000023d0   0x000023d0   0x00000004   Code   RO          157    .text.GPIO1_3_Handler  startup_SSE300MPS3.o
    0x000023d4   0x000023d4   0x00000004   Code   RO          159    .text.GPIO1_4_Handler  startup_SSE300MPS3.o
    0x000023d8   0x000023d8   0x00000004   Code   RO          161    .text.GPIO1_5_Handler  startup_SSE300MPS3.o
    0x000023dc   0x000023dc   0x00000004   Code   RO          163    .text.GPIO1_6_Handler  startup_SSE300MPS3.o
    0x000023e0   0x000023e0   0x00000004   Code   RO          165    .text.GPIO1_7_Handler  startup_SSE300MPS3.o
    0x000023e4   0x000023e4   0x00000004   Code   RO          167    .text.GPIO1_8_Handler  startup_SSE300MPS3.o
    0x000023e8   0x000023e8   0x00000004   Code   RO          169    .text.GPIO1_9_Handler  startup_SSE300MPS3.o
    0x000023ec   0x000023ec   0x00000004   Code   RO          113    .text.GPIO1_Combined_Handler  startup_SSE300MPS3.o
    0x000023f0   0x000023f0   0x00000004   Code   RO          183    .text.GPIO2_0_Handler  startup_SSE300MPS3.o
    0x000023f4   0x000023f4   0x00000004   Code   RO          203    .text.GPIO2_10_Handler  startup_SSE300MPS3.o
    0x000023f8   0x000023f8   0x00000004   Code   RO          205    .text.GPIO2_11_Handler  startup_SSE300MPS3.o
    0x000023fc   0x000023fc   0x00000004   Code   RO          207    .text.GPIO2_12_Handler  startup_SSE300MPS3.o
    0x00002400   0x00002400   0x00000004   Code   RO          209    .text.GPIO2_13_Handler  startup_SSE300MPS3.o
    0x00002404   0x00002404   0x00000004   Code   RO          211    .text.GPIO2_14_Handler  startup_SSE300MPS3.o
    0x00002408   0x00002408   0x00000004   Code   RO          213    .text.GPIO2_15_Handler  startup_SSE300MPS3.o
    0x0000240c   0x0000240c   0x00000004   Code   RO          185    .text.GPIO2_1_Handler  startup_SSE300MPS3.o
    0x00002410   0x00002410   0x00000004   Code   RO          187    .text.GPIO2_2_Handler  startup_SSE300MPS3.o
    0x00002414   0x00002414   0x00000004   Code   RO          189    .text.GPIO2_3_Handler  startup_SSE300MPS3.o
    0x00002418   0x00002418   0x00000004   Code   RO          191    .text.GPIO2_4_Handler  startup_SSE300MPS3.o
    0x0000241c   0x0000241c   0x00000004   Code   RO          193    .text.GPIO2_5_Handler  startup_SSE300MPS3.o
    0x00002420   0x00002420   0x00000004   Code   RO          195    .text.GPIO2_6_Handler  startup_SSE300MPS3.o
    0x00002424   0x00002424   0x00000004   Code   RO          197    .text.GPIO2_7_Handler  startup_SSE300MPS3.o
    0x00002428   0x00002428   0x00000004   Code   RO          199    .text.GPIO2_8_Handler  startup_SSE300MPS3.o
    0x0000242c   0x0000242c   0x00000004   Code   RO          201    .text.GPIO2_9_Handler  startup_SSE300MPS3.o
    0x00002430   0x00002430   0x00000004   Code   RO          115    .text.GPIO2_Combined_Handler  startup_SSE300MPS3.o
    0x00002434   0x00002434   0x00000004   Code   RO          215    .text.GPIO3_0_Handler  startup_SSE300MPS3.o
    0x00002438   0x00002438   0x00000004   Code   RO          217    .text.GPIO3_1_Handler  startup_SSE300MPS3.o
    0x0000243c   0x0000243c   0x00000004   Code   RO          219    .text.GPIO3_2_Handler  startup_SSE300MPS3.o
    0x00002440   0x00002440   0x00000004   Code   RO          221    .text.GPIO3_3_Handler  startup_SSE300MPS3.o
    0x00002444   0x00002444   0x00000004   Code   RO          117    .text.GPIO3_Combined_Handler  startup_SSE300MPS3.o
    0x00002448   0x00002448   0x00000004   Code   RO            9    .text.HardFault_Handler  startup_SSE300MPS3.o
    0x0000244c   0x0000244c   0x00000004   Code   RO           97    .text.I2S_Handler   startup_SSE300MPS3.o
    0x00002450   0x00002450   0x00000004   Code   RO           47    .text.MGMT_PPU_Handler  startup_SSE300MPS3.o
    0x00002454   0x00002454   0x00000004   Code   RO           39    .text.MPC_Handler   startup_SSE300MPS3.o
    0x00002458   0x00002458   0x00000004   Code   RO           43    .text.MSC_Handler   startup_SSE300MPS3.o
    0x0000245c   0x0000245c   0x00000004   Code   RO           11    .text.MemManage_Handler  startup_SSE300MPS3.o
    0x00002460   0x00002460   0x00000004   Code   RO            7    .text.NMI_Handler   startup_SSE300MPS3.o
    0x00002464   0x00002464   0x00000004   Code   RO           29    .text.NONSEC_WATCHDOG_Handler  startup_SSE300MPS3.o
    0x00002468   0x00002468   0x00000004   Code   RO           27    .text.NONSEC_WATCHDOG_RESET_REQ_Handler  startup_SSE300MPS3.o
    0x0000246c   0x0000246c   0x00000004   Code   RO           41    .text.PPC_Handler   startup_SSE300MPS3.o
    0x00002470   0x00002470   0x00000004   Code   RO           23    .text.PendSV_Handler  startup_SSE300MPS3.o
    0x00002474   0x00002474   0x00000032   Code   RO          229    .text.Reset_Handler  startup_SSE300MPS3.o
    0x000024a6   0x000024a6   0x00000002   PAD
    0x000024a8   0x000024a8   0x00000004   Code   RO           31    .text.SLOWCLK_Timer_Handler  startup_SSE300MPS3.o
    0x000024ac   0x000024ac   0x00000004   Code   RO          103    .text.SPI_ADC_Handler  startup_SSE300MPS3.o
    0x000024b0   0x000024b0   0x00000004   Code   RO          105    .text.SPI_SHIELD0_Handler  startup_SSE300MPS3.o
    0x000024b4   0x000024b4   0x00000004   Code   RO          107    .text.SPI_SHIELD1_Handler  startup_SSE300MPS3.o
    0x000024b8   0x000024b8   0x00000004   Code   RO           19    .text.SVC_Handler   startup_SSE300MPS3.o
    0x000024bc   0x000024bc   0x00000004   Code   RO           49    .text.SYS_PPU_Handler  startup_SSE300MPS3.o
    0x000024c0   0x000024c0   0x00000004   Code   RO           17    .text.SecureFault_Handler  startup_SSE300MPS3.o
    0x000024c4   0x000024c4   0x00000004   Code   RO           25    .text.SysTick_Handler  startup_SSE300MPS3.o
    0x000024c8   0x000024c8   0x00000078   Code   RO          236    .text.SystemInit    system_SSE300MPS3.o
    0x00002540   0x00002540   0x00000004   Code   RO           61    .text.System_Timestamp_Counter_Handler  startup_SSE300MPS3.o
    0x00002544   0x00002544   0x00000004   Code   RO           33    .text.TFM_TIMER0_IRQ_Handler  startup_SSE300MPS3.o
    0x00002548   0x00002548   0x00000004   Code   RO           35    .text.TIMER1_Handler  startup_SSE300MPS3.o
    0x0000254c   0x0000254c   0x00000004   Code   RO           37    .text.TIMER2_Handler  startup_SSE300MPS3.o
    0x00002550   0x00002550   0x00000004   Code   RO           55    .text.TIMER3_AON_Handler  startup_SSE300MPS3.o
    0x00002554   0x00002554   0x00000004   Code   RO           99    .text.TOUCH_SCREEN_Handler  startup_SSE300MPS3.o
    0x00002558   0x00002558   0x00000004   Code   RO           83    .text.UART0_Combined_Handler  startup_SSE300MPS3.o
    0x0000255c   0x0000255c   0x00000004   Code   RO           85    .text.UART1_Combined_Handler  startup_SSE300MPS3.o
    0x00002560   0x00002560   0x00000004   Code   RO           87    .text.UART2_Combined_Handler  startup_SSE300MPS3.o
    0x00002564   0x00002564   0x00000004   Code   RO           89    .text.UART3_Combined_Handler  startup_SSE300MPS3.o
    0x00002568   0x00002568   0x00000004   Code   RO           91    .text.UART4_Combined_Handler  startup_SSE300MPS3.o
    0x0000256c   0x0000256c   0x00000004   Code   RO          227    .text.UART5_Handler  startup_SSE300MPS3.o
    0x00002570   0x00002570   0x00000004   Code   RO           93    .text.UARTOVF_Handler  startup_SSE300MPS3.o
    0x00002574   0x00002574   0x00000082   Code   RO         2720    .text.UARTRX0_Handler  Driver_USART.o
    0x000025f6   0x000025f6   0x00000002   PAD
    0x000025f8   0x000025f8   0x00000082   Code   RO         2752    .text.UARTRX1_Handler  Driver_USART.o
    0x0000267a   0x0000267a   0x00000002   PAD
    0x0000267c   0x0000267c   0x00000004   Code   RO           71    .text.UARTRX2_Handler  startup_SSE300MPS3.o
    0x00002680   0x00002680   0x00000004   Code   RO           75    .text.UARTRX3_Handler  startup_SSE300MPS3.o
    0x00002684   0x00002684   0x00000004   Code   RO           79    .text.UARTRX4_Handler  startup_SSE300MPS3.o
    0x00002688   0x00002688   0x00000004   Code   RO          223    .text.UARTRX5_Handler  startup_SSE300MPS3.o
    0x0000268c   0x0000268c   0x00000076   Code   RO         2722    .text.UARTTX0_Handler  Driver_USART.o
    0x00002702   0x00002702   0x00000002   PAD
    0x00002704   0x00002704   0x00000076   Code   RO         2754    .text.UARTTX1_Handler  Driver_USART.o
    0x0000277a   0x0000277a   0x00000002   PAD
    0x0000277c   0x0000277c   0x00000004   Code   RO           73    .text.UARTTX2_Handler  startup_SSE300MPS3.o
    0x00002780   0x00002780   0x00000004   Code   RO           77    .text.UARTTX3_Handler  startup_SSE300MPS3.o
    0x00002784   0x00002784   0x00000004   Code   RO           81    .text.UARTTX4_Handler  startup_SSE300MPS3.o
    0x00002788   0x00002788   0x00000004   Code   RO          225    .text.UARTTX5_Handler  startup_SSE300MPS3.o
    0x0000278c   0x0000278c   0x00000004   Code   RO          101    .text.USB_Handler   startup_SSE300MPS3.o
    0x00002790   0x00002790   0x00000004   Code   RO           15    .text.UsageFault_Handler  startup_SSE300MPS3.o
    0x00002794   0x00002794   0x00000030   Code   RO         2788    .text.__NVIC_ClearPendingIRQ  Driver_USART.o
    0x000027c4   0x000027c4   0x00000038   Code   RO         2786    .text.__NVIC_DisableIRQ  Driver_USART.o
    0x000027fc   0x000027fc   0x00000030   Code   RO         2790    .text.__NVIC_EnableIRQ  Driver_USART.o
    0x0000282c   0x0000282c   0x0000004a   Code   RO         3031    .text._sys_close    retarget_io.o
    0x00002876   0x00002876   0x00000002   PAD
    0x00002878   0x00002878   0x00000048   Code   RO         3041    .text._sys_flen     retarget_io.o
    0x000028c0   0x000028c0   0x00000048   Code   RO         3037    .text._sys_istty    retarget_io.o
    0x00002908   0x00002908   0x00000084   Code   RO         3029    .text._sys_open     retarget_io.o
    0x0000298c   0x0000298c   0x00000052   Code   RO         3039    .text._sys_seek     retarget_io.o
    0x000029de   0x000029de   0x00000002   PAD
    0x000029e0   0x000029e0   0x00000076   Code   RO         3033    .text._sys_write    retarget_io.o
    0x00002a56   0x00002a56   0x00000002   PAD
    0x00002a58   0x00002a58   0x000000e4   Code   RO          311    .text.main          main.o
    0x00002b3c   0x00002b3c   0x0000008e   Code   RO         2858    .text.stdout_init   stdout_USART.o
    0x00002bca   0x00002bca   0x00000002   PAD
    0x00002bcc   0x00002bcc   0x00000052   Code   RO         2860    .text.stdout_putchar  stdout_USART.o
    0x00002c1e   0x00002c1e   0x00000002   PAD
    0x00002c20   0x00002c20   0x00000252   Code   RO          286    .text.tvmgen_cls___tvm_main__  cls_lib1.o
    0x00002e72   0x00002e72   0x00000002   PAD
    0x00002e74   0x00002e74   0x0000005a   Code   RO          248    .text.tvmgen_cls_fused_expand_dims_reshape  cls_lib1.o
    0x00002ece   0x00002ece   0x00000002   PAD
    0x00002ed0   0x00002ed0   0x00000492   Code   RO          250    .text.tvmgen_cls_fused_nn_conv2d  cls_lib1.o
    0x00003362   0x00003362   0x00000002   PAD
    0x00003364   0x00003364   0x0000057a   Code   RO          252    .text.tvmgen_cls_fused_nn_conv2d_1  cls_lib1.o
    0x000038de   0x000038de   0x00000002   PAD
    0x000038e0   0x000038e0   0x0000076e   Code   RO          254    .text.tvmgen_cls_fused_nn_conv2d_2  cls_lib1.o
    0x0000404e   0x0000404e   0x00000002   PAD
    0x00004050   0x00004050   0x00000aae   Code   RO          256    .text.tvmgen_cls_fused_nn_conv2d_3  cls_lib1.o
    0x00004afe   0x00004afe   0x00000002   PAD
    0x00004b00   0x00004b00   0x0000027c   Code   RO          258    .text.tvmgen_cls_fused_nn_conv2d_4  cls_lib1.o
    0x00004d7c   0x00004d7c   0x0000027c   Code   RO          260    .text.tvmgen_cls_fused_nn_conv2d_5  cls_lib1.o
    0x00004ff8   0x00004ff8   0x000000d8   Code   RO          262    .text.tvmgen_cls_fused_nn_dense_add  cls_lib1.o
    0x000050d0   0x000050d0   0x0000013c   Code   RO          264    .text.tvmgen_cls_fused_nn_dense_add_nn_relu  cls_lib1.o
    0x0000520c   0x0000520c   0x000000e0   Code   RO          266    .text.tvmgen_cls_fused_nn_max_pool2d  cls_lib1.o
    0x000052ec   0x000052ec   0x000000d8   Code   RO          268    .text.tvmgen_cls_fused_nn_max_pool2d_1  cls_lib1.o
    0x000053c4   0x000053c4   0x000000d6   Code   RO          270    .text.tvmgen_cls_fused_nn_max_pool2d_2  cls_lib1.o
    0x0000549a   0x0000549a   0x00000002   PAD
    0x0000549c   0x0000549c   0x00000134   Code   RO          272    .text.tvmgen_cls_fused_nn_softmax  cls_lib1.o
    0x000055d0   0x000055d0   0x000000d0   Code   RO          274    .text.tvmgen_cls_fused_squeeze_add_nn_relu_expand_dims  cls_lib1.o
    0x000056a0   0x000056a0   0x000000e4   Code   RO          276    .text.tvmgen_cls_fused_squeeze_add_nn_relu_expand_dims_1  cls_lib1.o
    0x00005784   0x00005784   0x000000a0   Code   RO          278    .text.tvmgen_cls_fused_squeeze_add_nn_relu_expand_dims_reshape  cls_lib1.o
    0x00005824   0x00005824   0x000000dc   Code   RO          280    .text.tvmgen_cls_fused_squeeze_add_nn_relu_multiply_add_expand_dims_reshape  cls_lib1.o
    0x00005900   0x00005900   0x000000dc   Code   RO          282    .text.tvmgen_cls_fused_squeeze_add_nn_relu_multiply_add_expand_dims_reshape_1  cls_lib1.o
    0x000059dc   0x000059dc   0x000000d0   Code   RO          284    .text.tvmgen_cls_fused_squeeze_add_nn_relu_transpose_reshape  cls_lib1.o
    0x00005aac   0x00005aac   0x00000028   Code   RO          242    .text.tvmgen_cls_run  cls_lib0.o
    0x00005ad4   0x00005ad4   0x00000056   Code   RO         3015    .text.uart_cmsdk_clear_interrupt  uart_cmsdk_drv.o
    0x00005b2a   0x00005b2a   0x00000002   PAD
    0x00005b2c   0x00005b2c   0x00000068   Code   RO         2989    .text.uart_cmsdk_init  uart_cmsdk_drv.o
    0x00005b94   0x00005b94   0x00000028   Code   RO         2993    .text.uart_cmsdk_irq_rx_disable  uart_cmsdk_drv.o
    0x00005bbc   0x00005bbc   0x0000003a   Code   RO         3011    .text.uart_cmsdk_irq_rx_enable  uart_cmsdk_drv.o
    0x00005bf6   0x00005bf6   0x00000002   PAD
    0x00005bf8   0x00005bf8   0x00000028   Code   RO         2995    .text.uart_cmsdk_irq_tx_disable  uart_cmsdk_drv.o
    0x00005c20   0x00005c20   0x0000003a   Code   RO         3007    .text.uart_cmsdk_irq_tx_enable  uart_cmsdk_drv.o
    0x00005c5a   0x00005c5a   0x00000002   PAD
    0x00005c5c   0x00005c5c   0x0000003a   Code   RO         3003    .text.uart_cmsdk_read  uart_cmsdk_drv.o
    0x00005c96   0x00005c96   0x00000002   PAD
    0x00005c98   0x00005c98   0x00000028   Code   RO         3023    .text.uart_cmsdk_rx_disable  uart_cmsdk_drv.o
    0x00005cc0   0x00005cc0   0x0000003a   Code   RO         3021    .text.uart_cmsdk_rx_enable  uart_cmsdk_drv.o
    0x00005cfa   0x00005cfa   0x00000002   PAD
    0x00005cfc   0x00005cfc   0x00000030   Code   RO         3013    .text.uart_cmsdk_rx_ready  uart_cmsdk_drv.o
    0x00005d2c   0x00005d2c   0x0000006c   Code   RO         2997    .text.uart_cmsdk_set_baudrate  uart_cmsdk_drv.o
    0x00005d98   0x00005d98   0x00000028   Code   RO         3019    .text.uart_cmsdk_tx_disable  uart_cmsdk_drv.o
    0x00005dc0   0x00005dc0   0x0000003a   Code   RO         3017    .text.uart_cmsdk_tx_enable  uart_cmsdk_drv.o
    0x00005dfa   0x00005dfa   0x00000002   PAD
    0x00005dfc   0x00005dfc   0x0000003a   Code   RO         3005    .text.uart_cmsdk_write  uart_cmsdk_drv.o
    0x00005e36   0x00005e36   0x0000003e   Code   RO         3551    CL$$btod_d2e        c_w.l(btod.o)
    0x00005e74   0x00005e74   0x00000046   Code   RO         3553    CL$$btod_d2e_denorm_low  c_w.l(btod.o)
    0x00005eba   0x00005eba   0x00000060   Code   RO         3552    CL$$btod_d2e_norm_op1  c_w.l(btod.o)
    0x00005f1a   0x00005f1a   0x00000002   PAD
    0x00005f1c   0x00005f1c   0x00000338   Code   RO         3561    CL$$btod_div_common  c_w.l(btod.o)
    0x00006254   0x00006254   0x000000dc   Code   RO         3558    CL$$btod_e2e        c_w.l(btod.o)
    0x00006330   0x00006330   0x0000002a   Code   RO         3555    CL$$btod_ediv       c_w.l(btod.o)
    0x0000635a   0x0000635a   0x0000002a   Code   RO         3554    CL$$btod_emul       c_w.l(btod.o)
    0x00006384   0x00006384   0x00000244   Code   RO         3560    CL$$btod_mult_common  c_w.l(btod.o)
    0x000065c8   0x000065c8   0x00000030   Code   RO         3269    i.__ARM_fpclassify  m_wv.l(fpclassify.o)
    0x000065f8   0x000065f8   0x00000026   Code   RO         3271    i.__ARM_fpclassifyf  m_wv.l(fpclassifyf.o)
    0x0000661e   0x0000661e   0x00000002   PAD
    0x00006620   0x00006620   0x000001ec   Code   RO         3091    i.__hardfp_expf     m_wv.l(expf.o)
    0x0000680c   0x0000680c   0x00000006   Code   RO         3274    i.__mathlib_flt_infnan  m_wv.l(funder.o)
    0x00006812   0x00006812   0x00000002   PAD
    0x00006814   0x00006814   0x00000010   Code   RO         3277    i.__mathlib_flt_overflow  m_wv.l(funder.o)
    0x00006824   0x00006824   0x00000010   Code   RO         3279    i.__mathlib_flt_underflow  m_wv.l(funder.o)
    0x00006834   0x00006834   0x0000000e   Code   RO         3199    i._is_digit         c_w.l(__printf_wp.o)
    0x00006842   0x00006842   0x0000001c   Code   RO         3411    i.fputc             c_w.l(fputc.o)
    0x0000685e   0x0000685e   0x00000002   PAD
    0x00006860   0x00006860   0x0000002c   Code   RO         3582    locale$$code        c_w.l(lc_numeric_c.o)
    0x0000688c   0x0000688c   0x0000002c   Code   RO         3634    locale$$code        c_w.l(lc_ctype_c.o)
    0x000068b8   0x000068b8   0x0000001e   Code   RO         3607    x$fpl$fpinit        fz_wv.l(fpinit_81m.o)
    0x000068d6   0x000068d6   0x00000004   Code   RO         3246    x$fpl$printf1       fz_wv.l(printf1.o)
    0x000068da   0x000068da   0x00000004   Code   RO         3248    x$fpl$printf2       fz_wv.l(printf2.o)
    0x000068de   0x000068de   0x00000000   Code   RO         3254    x$fpl$usenofp       fz_wv.l(usenofp.o)
    0x000068de   0x000068de   0x00000002   PAD
    0x000068e0   0x000068e0   0x00000030   Data   RO         3094    .constdata          m_wv.l(expf.o)
    0x00006910   0x00006910   0x00000008   Data   RO         3157    .constdata          c_w.l(_printf_wctomb.o)
    0x00006918   0x00006918   0x00000028   Data   RO         3186    .constdata          c_w.l(_printf_hex_int_ll_ptr.o)
    0x00006940   0x00006940   0x00000011   Data   RO         3207    .constdata          c_w.l(__printf_flags_ss_wp.o)
    0x00006951   0x00006951   0x00000026   Data   RO         3399    .constdata          c_w.l(_printf_fp_hex.o)
    0x00006977   0x00006977   0x00000001   PAD
    0x00006978   0x00006978   0x00000094   Data   RO         3549    .constdata          c_w.l(bigflt0.o)
    0x00006a0c   0x00006a0c   0x00000004   Data   RO          317    .rodata..L__const.main.cls_inputs  main.o
    0x00006a10   0x00006a10   0x00000004   Data   RO          318    .rodata..L__const.main.cls_outputs  main.o
    0x00006a14   0x00006a14   0x00000004   Data   RO         2811    .rodata.DriverCapabilities  Driver_USART.o
    0x00006a18   0x00006a18   0x00000004   Data   RO         2810    .rodata.DriverVersion  Driver_USART.o
    0x00006a1c   0x00006a1c   0x00000038   Data   RO         2807    .rodata.Driver_USART0  Driver_USART.o
    0x00006a54   0x00006a54   0x00000008   Data   RO         2634    .rodata.UART0_CMSDK_DEV_CFG_S  device_definition.o
    0x00006a5c   0x00006a5c   0x00000008   Data   RO         2637    .rodata.UART1_CMSDK_DEV_CFG_S  device_definition.o
    0x00006a64   0x00006a64   0x00000008   Data   RO         3045    .rodata.__stderr_name  retarget_io.o
    0x00006a6c   0x00006a6c   0x00000007   Data   RO         3043    .rodata.__stdin_name  retarget_io.o
    0x00006a73   0x00006a73   0x00000008   Data   RO         3044    .rodata.__stdout_name  retarget_io.o
    0x00006a7b   0x00006a7b   0x00000056   Data   RO          313    .rodata.str1.1      main.o
    0x00006ad1   0x00006ad1   0x00000017   Data   RO         3046    .rodata.str1.1      retarget_io.o
    0x00006ae8   0x00006ae8   0x00000050   Data   RO         3700    Region$$Table       anon$$obj.o
    0x00006b38   0x00006b38   0x0000001c   Data   RO         3581    locale$$data        c_w.l(lc_numeric_c.o)
    0x00006b54   0x00006b54   0x00000110   Data   RO         3633    locale$$data        c_w.l(lc_ctype_c.o)


    Execution Region dtcm.bin (Exec base: 0x20000000, Load base: 0x00006c64, Size: 0x000001e0, Max: 0x00060000, ABSOLUTE)

    Exec Addr    Load Addr    Size         Type   Attr      Idx    E Section Name        Object

    0x20000000   0x00006c64   0x00000004   Data   RW         3059    .data               c_w.l(stdio_streams.o)
    0x20000004   0x00006c68   0x00000004   Data   RW         3060    .data               c_w.l(stdio_streams.o)
    0x20000008   0x00006c6c   0x00000004   Data   RW         3061    .data               c_w.l(stdio_streams.o)
    0x2000000c   0x00006c70   0x00000024   Data   RW         2806    .data.Driver_USART0_DEV  Driver_USART.o
    0x20000030   0x00006c94   0x00000024   Data   RW         2808    .data.Driver_USART1_DEV  Driver_USART.o
    0x20000054   0x00006cb8   0x00000004   Data   RW          239    .data.PeripheralClock  system_SSE300MPS3.o
    0x20000058   0x00006cbc   0x00000004   Data   RW          238    .data.SystemCoreClock  system_SSE300MPS3.o
    0x2000005c   0x00006cc0   0x00000008   Data   RW         2636    .data.UART0_CMSDK_DEV_S  device_definition.o
    0x20000064   0x00006cc8   0x00000008   Data   RW         2639    .data.UART1_CMSDK_DEV_S  device_definition.o
    0x2000006c        -       0x00000054   Zero   RW         3056    .bss                c_w.l(stdio_streams.o)
    0x200000c0        -       0x00000054   Zero   RW         3057    .bss                c_w.l(stdio_streams.o)
    0x20000114        -       0x00000054   Zero   RW         3058    .bss                c_w.l(stdio_streams.o)
    0x20000168        -       0x00000060   Zero   RW         3503    .bss                c_w.l(libspace.o)
    0x200001c8        -       0x0000000c   Zero   RW         2635    .bss.UART0_CMSDK_DEV_DATA_S  device_definition.o
    0x200001d4        -       0x0000000c   Zero   RW         2638    .bss.UART1_CMSDK_DEV_DATA_S  device_definition.o


    Execution Region ARM_LIB_STACK (Exec base: 0x20060000, Load base: 0x00006cd0, Size: 0x00008000, Max: 0x00008000, ABSOLUTE)

    Exec Addr    Load Addr    Size         Type   Attr      Idx    E Section Name        Object

    0x20060000        -       0x00008000   Zero   RW            1    ARM_LIB_STACK.bss   anon$$obj.o


    Execution Region isram.bin (Exec base: 0x31000000, Load base: 0x00006cd0, Size: 0x00000000, Max: 0x00200000, ABSOLUTE, UNINIT)

    **** No section assigned to this execution region ****



  Load Region LOAD_REGION_1 (Base: 0x60000000, Size: 0x00ec90a0, Max: 0x02000000, ABSOLUTE)

    Execution Region bram.bin (Exec base: 0x11000000, Load base: 0x60ec90a0, Size: 0x00000000, Max: 0x00040000, ABSOLUTE)

    **** No section assigned to this execution region ****


    Execution Region ARM_LIB_HEAP (Exec base: 0x11040000, Load base: 0x60ec90a0, Size: 0x000c0000, Max: 0x000c0000, ABSOLUTE)

    Exec Addr    Load Addr    Size         Type   Attr      Idx    E Section Name        Object

    0x11040000        -       0x000c0000   Zero   RW            2    ARM_LIB_HEAP.bss    anon$$obj.o


    Execution Region ddr.bin (Exec base: 0x60000000, Load base: 0x60000000, Size: 0x00ff50a0, Max: 0x02000000, ABSOLUTE)

    Exec Addr    Load Addr    Size         Type   Attr      Idx    E Section Name        Object

    0x60000000   0x60000000   0x0000387c   Data   RW          314    .data.tvm           main.o
    0x6000387c   0x6000387c   0x00000004   PAD
    0x60003880   0x60003880   0x00ec5820   Data   RW          244    .rodata.tvm         cls_lib0.o
    0x60ec90a0        -       0x0012c000   Zero   RW          245    .bss.noinit.tvm     cls_lib0.o


    Execution Region runtime_model (Exec base: 0x90000000, Load base: 0x60ec90a0, Size: 0x02000000, Max: 0x02000000, ABSOLUTE)

    Exec Addr    Load Addr    Size         Type   Attr      Idx    E Section Name        Object

    0x90000000        -       0x02000000   Zero   RW            3    runtime_model.bss   anon$$obj.o


    Execution Region runtime_ifm (Exec base: 0x92000000, Load base: 0x60ec90a0, Size: 0x01000000, Max: 0x01000000, ABSOLUTE)

    Exec Addr    Load Addr    Size         Type   Attr      Idx    E Section Name        Object

    0x92000000        -       0x01000000   Zero   RW            4    runtime_ifm.bss     anon$$obj.o


    Execution Region runtime_ofm (Exec base: 0x93000000, Load base: 0x60ec90a0, Size: 0x01000000, Max: 0x01000000, ABSOLUTE)

    Exec Addr    Load Addr    Size         Type   Attr      Idx    E Section Name        Object

    0x93000000        -       0x01000000   Zero   RW            5    runtime_ofm.bss     anon$$obj.o


==============================================================================

Image component sizes


      Code (inc. data)   RO Data    RW Data    ZI Data      Debug   Object Name

      1982         26         64         72          0       1088   Driver_USART.o
        40          0          0   15489056    1228800         48   cls_lib0.o
     11902         52          0          0          0        484   cls_lib1.o
         0          0         16         16         24          0   device_definition.o
       228          0         94      14460          0        160   main.o
       550          0         46          0          0        176   retarget_io.o
       478          0        588          0          0       1816   startup_SSE300MPS3.o
       224          0          0          0          0         76   stdout_USART.o
       120          0          0          8          0         52   system_SSE300MPS3.o
       854          0          0          0          0        408   uart_cmsdk_drv.o

    ----------------------------------------------------------------------
     16434         78        888   15503616   69156888       4308   Object Totals
         0          0         80          0   67928064          0   (incl. Generated)
        56          0          0          4          0          0   (incl. Padding)

    ----------------------------------------------------------------------

      Code (inc. data)   RO Data    RW Data    ZI Data      Debug   Library Member Name

         8          0          0          0          0         68   __main.o
       392          4         17          0          0         92   __printf_flags_ss_wp.o
        14          0          0          0          0         68   __printf_wp.o
         0          0          0          0          0          0   __rtentry.o
        12          0          0          0          0          0   __rtentry2.o
         8          4          0          0          0          0   __rtentry7.o
        52          8          0          0          0          0   __scatter.o
        26          0          0          0          0          0   __scatter_copy.o
        28          0          0          0          0          0   __scatter_zi.o
        72          0          0          0          0         96   _c16rtomb.o
         6          0          0          0          0          0   _printf_a.o
         6          0          0          0          0          0   _printf_c.o
        44          0          0          0          0        108   _printf_char.o
        48          6          0          0          0         96   _printf_char_common.o
        36          4          0          0          0         80   _printf_char_file.o
        40          0          0          0          0         68   _printf_charcount.o
         6          0          0          0          0          0   _printf_d.o
       120         16          0          0          0         92   _printf_dec.o
         6          0          0          0          0          0   _printf_e.o
         6          0          0          0          0          0   _printf_f.o
      1052          0          0          0          0        148   _printf_fp_dec.o
       764          8         38          0          0        100   _printf_fp_hex.o
       128         16          0          0          0         84   _printf_fp_infnan.o
         6          0          0          0          0          0   _printf_g.o
       148          4         40          0          0        160   _printf_hex_int_ll_ptr.o
         6          0          0          0          0          0   _printf_i.o
       178          0          0          0          0         88   _printf_intcommon.o
        10          0          0          0          0          0   _printf_l.o
         6          0          0          0          0          0   _printf_lc.o
        10          0          0          0          0          0   _printf_ll.o
         6          0          0          0          0          0   _printf_lld.o
         6          0          0          0          0          0   _printf_lli.o
         6          0          0          0          0          0   _printf_llo.o
         6          0          0          0          0          0   _printf_llu.o
         6          0          0          0          0          0   _printf_llx.o
       124         16          0          0          0         92   _printf_longlong_dec.o
         6          0          0          0          0          0   _printf_ls.o
         6          0          0          0          0          0   _printf_n.o
         6          0          0          0          0          0   _printf_o.o
       112          8          0          0          0        124   _printf_oct_int_ll.o
         6          0          0          0          0          0   _printf_p.o
        78          0          0          0          0        108   _printf_pad.o
         0          0          0          0          0          0   _printf_percent.o
         4          0          0          0          0          0   _printf_percent_end.o
         6          0          0          0          0          0   _printf_s.o
        82          0          0          0          0         80   _printf_str.o
        36          0          0          0          0         84   _printf_truncate.o
         6          0          0          0          0          0   _printf_u.o
        44          0          0          0          0        108   _printf_wchar.o
       188          6          8          0          0         92   _printf_wctomb.o
         6          0          0          0          0          0   _printf_x.o
        22          0          0          0          0        100   _rserrno.o
       228          4        148          0          0         96   bigflt0.o
      1936        128          0          0          0        668   btod.o
        10          0          0          0          0         68   defsig_exit.o
        50          0          0          0          0         88   defsig_general.o
        80         58          0          0          0         76   defsig_rtmem_inner.o
        14          0          0          0          0         80   defsig_rtmem_outer.o
        52         38          0          0          0         76   defsig_rtred_inner.o
        14          0          0          0          0         80   defsig_rtred_outer.o
        18          0          0          0          0         80   exit.o
        76          0          0          0          0         88   fclose.o
         8          0          0          0          0         68   ferror.o
       482          0          0          0          0         92   flsbuf.o
       240          6          0          0          0        128   fopen.o
        28          0          0          0          0         68   fputc.o
       248          6          0          0          0         84   fseek.o
        66          0          0          0          0         76   ftell.o
        94          0          0          0          0         80   h1_alloc.o
        52          0          0          0          0         68   h1_extend.o
        78          0          0          0          0         80   h1_free.o
        14          0          0          0          0         84   h1_init.o
         4          0          0          0          0        136   hguard.o
         0          0          0          0          0          0   indicate_semi.o
       138          0          0          0          0        168   init_alloc.o
       312         46          0          0          0        112   initio.o
        44         10        272          0          0         76   lc_ctype_c.o
        44         10         28          0          0         76   lc_numeric_c.o
         2          0          0          0          0          0   libinit.o
        38          0          0          0          0          0   libinit2.o
        16          8          0          0          0          0   libinit5.o
         2          0          0          0          0          0   libshutdown.o
         6          0          0          0          0          0   libshutdown2.o
         0          0          0          0         96          0   libspace.o
       138          0          0          0          0         80   lludiv10.o
         0          0          0          0          0          0   maybetermalloc1.o
        24          4          0          0          0         84   printf.o
        16          4          0          0          0         76   rt_ctype_table.o
         8          4          0          0          0         68   rt_errno_addr_intlibspace.o
         8          4          0          0          0         68   rt_heap_descriptor_intlibspace.o
         8          4          0          0          0         68   rt_locale_intlibspace.o
        78          0          0          0          0         80   rt_memclr_w.o
         2          0          0          0          0          0   rtexit.o
        10          0          0          0          0          0   rtexit2.o
        70          0          0          0          0         80   setvbuf.o
       240          6          0          0          0        156   stdio.o
         0          0          0         12        252          0   stdio_streams.o
       124          0          0          0          0         88   strcmpv8m_maindsp.o
        12          4          0          0          0         68   sys_exit.o
        14          0          0          0          0         76   sys_wrch.o
         2          0          0          0          0         68   use_no_semi.o
        30          0          0          0          0        164   fpinit_81m.o
         4          0          0          0          0        116   printf1.o
         4          0          0          0          0        116   printf2.o
         0          0          0          0          0          0   usenofp.o
       492         62         48          0          0        236   expf.o
        48          0          0          0          0        124   fpclassify.o
        38          0          0          0          0        116   fpclassifyf.o
        38         12          0          0          0        348   funder.o

    ----------------------------------------------------------------------
      9826        518        600         12        348       7212   Library Totals
        24          0          1          0          0          0   (incl. Padding)

    ----------------------------------------------------------------------

      Code (inc. data)   RO Data    RW Data    ZI Data      Debug   Library Name

      9148        444        551         12        348       5992   c_w.l
        38          0          0          0          0        396   fz_wv.l
       616         74         48          0          0        824   m_wv.l

    ----------------------------------------------------------------------
      9826        518        600         12        348       7212   Library Totals

    ----------------------------------------------------------------------

==============================================================================


      Code (inc. data)   RO Data    RW Data    ZI Data      Debug   

     26260        596       1488   15503628   69157236       7584   Grand Totals
     26260        596       1488   15503628   69157236       7584   ELF Image Totals
     26260        596       1488   15503628          0          0   ROM Totals

==============================================================================

    Total RO  Size (Code + RO Data)                27748 (  27.10kB)
    Total RW  Size (RW Data + ZI Data)          84660864 (82676.62kB)
    Total ROM Size (Code + RO Data + RW Data)   15531376 (15167.36kB)

==============================================================================

